2020-12-01 17:23:45,256 : INFO : Processing sequence: /home/cgoyens/OneDrive/BackUpThinkpadClem/Projects/HYPERNETS/NetworkDesign_D52/DataProcChain/hypernets_processor/hypernets_processor/data_io/tests/reader/SEQ20201016T143928
2020-12-01 17:24:13,009 : INFO : Processing sequence: /home/cgoyens/OneDrive/BackUpThinkpadClem/Projects/HYPERNETS/NetworkDesign_D52/DataProcChain/hypernets_processor/hypernets_processor/data_io/tests/reader/SEQ20201016T143928
2020-12-01 17:25:05,499 : INFO : Processing sequence: /home/cgoyens/OneDrive/BackUpThinkpadClem/Projects/HYPERNETS/NetworkDesign_D52/DataProcChain/hypernets_processor/hypernets_processor/data_io/tests/reader/SEQ20201016T143928
2020-12-01 17:25:06,273 : DEBUG : Processing to L1a...
2020-12-01 17:25:06,274 : DEBUG : Reading raw data...
2020-12-01 17:25:06,276 : INFO : Visible spectra, pixel count [0.00000000e+00 1.00048852e+00 2.00097704e+00 ... 2.04599902e+03
 2.04699951e+03 2.04800000e+03]
2020-12-01 17:25:06,375 : INFO : Visible spectra, pixel count [0.00000000e+00 1.00048852e+00 2.00097704e+00 ... 2.04599902e+03
 2.04699951e+03 2.04800000e+03]
2020-12-01 17:25:06,484 : INFO : Visible spectra, pixel count [0.00000000e+00 1.00048852e+00 2.00097704e+00 ... 2.04599902e+03
 2.04699951e+03 2.04800000e+03]
2020-12-01 17:25:06,603 : ERROR : No pictures for this sequence
2020-12-01 17:25:06,603 : DEBUG : Done
2020-12-01 17:25:06,603 : DEBUG : Processing to L1a...
2020-12-01 17:25:38,594 : DEBUG : Done
2020-12-01 17:25:38,594 : DEBUG : Processing to L1b...
2020-12-01 17:25:38,632 : DEBUG : WaterNetworkProtocol
2020-12-01 17:25:38,633 : DEBUG : 1602859239
2020-12-01 17:25:38,635 : DEBUG : 1602859239
2020-12-01 17:25:38,636 : DEBUG : 1602859239
2020-12-01 17:25:38,637 : DEBUG : 1602859286
2020-12-01 17:25:38,638 : DEBUG : 1602859286
2020-12-01 17:25:38,639 : DEBUG : 1602859286
2020-12-01 17:25:38,641 : DEBUG : 1602859286
2020-12-01 17:25:38,642 : DEBUG : 1602859286
2020-12-01 17:25:38,643 : DEBUG : 1602859286
2020-12-01 17:25:38,645 : DEBUG : 1602859336
2020-12-01 17:25:38,646 : DEBUG : 1602859336
2020-12-01 17:25:38,647 : DEBUG : 1602859336
2020-12-01 17:25:39,240 : INFO : interpolate sky radiance
2020-12-01 17:26:30,756 : INFO : interpolate irradiances
2020-12-01 17:26:53,862 : DEBUG : Done
2020-12-01 17:26:53,862 : DEBUG : Processing to L1c...
2020-12-01 17:26:53,932 : INFO : Default wind speed 2.0
2020-12-01 17:26:53,955 : INFO : Default wind speed 2.0
2020-12-01 17:26:53,980 : INFO : Default wind speed 2.0
2020-12-01 17:26:54,003 : INFO : Default wind speed 2.0
2020-12-01 17:26:54,026 : INFO : Default wind speed 2.0
2020-12-01 17:26:54,052 : INFO : Default wind speed 2.0
2020-12-01 17:26:54,054 : INFO : Apply Ruddick et al., 2006
2020-12-01 17:26:54,054 : INFO : Apply Ruddick et al., 2006
2020-12-01 17:26:54,054 : INFO : Apply Ruddick et al., 2006
2020-12-01 17:26:54,055 : INFO : Apply Ruddick et al., 2006
2020-12-01 17:26:54,055 : INFO : Apply Ruddick et al., 2006
2020-12-01 17:26:54,055 : INFO : Apply Ruddick et al., 2006
2020-12-01 17:26:55,734 : DEBUG : Done
2020-12-01 17:26:55,734 : DEBUG : Processing to L1d...
2020-12-01 17:27:50,124 : DEBUG : Done
2020-12-01 17:27:50,124 : DEBUG : Processing to L2a...
2020-12-01 17:28:00,068 : DEBUG : Done
2020-12-01 17:28:00,068 : INFO : All Done
2020-12-01 17:33:11,953 : INFO : Processing sequence: /home/cgoyens/OneDrive/BackUpThinkpadClem/Projects/HYPERNETS/NetworkDesign_D52/DataProcChain/Test_sequences/data_17112020/SEQ20201117T142832
2020-12-01 17:33:12,627 : DEBUG : Processing to L1a...
2020-12-01 17:33:12,627 : DEBUG : Reading raw data...
2020-12-01 17:36:25,124 : INFO : Processing sequence: /home/cgoyens/OneDrive/BackUpThinkpadClem/Projects/HYPERNETS/NetworkDesign_D52/DataProcChain/Test_sequences/data_17112020/SEQ20201117T144353
2020-12-01 17:36:25,729 : DEBUG : Processing to L1a...
2020-12-01 17:36:25,729 : DEBUG : Reading raw data...
2020-12-01 17:36:25,731 : INFO : Visible spectra, pixel count [0.00000000e+00 1.00048852e+00 2.00097704e+00 ... 2.04599902e+03
 2.04699951e+03 2.04800000e+03]
2020-12-01 17:36:25,848 : INFO : Visible spectra, pixel count [0.00000000e+00 1.00048852e+00 2.00097704e+00 ... 2.04599902e+03
 2.04699951e+03 2.04800000e+03]
2020-12-01 17:36:25,945 : INFO : Visible spectra, pixel count [0.00000000e+00 1.00048852e+00 2.00097704e+00 ... 2.04599902e+03
 2.04699951e+03 2.04800000e+03]
2020-12-01 17:36:26,054 : ERROR : No pictures for this sequence
2020-12-01 17:36:26,054 : DEBUG : Done
2020-12-01 17:36:26,054 : DEBUG : Processing to L1a...
2020-12-01 17:36:51,014 : DEBUG : Done
2020-12-01 17:36:51,014 : DEBUG : Processing to L1b...
2020-12-01 17:38:01,970 : INFO : Processing sequence: /home/cgoyens/OneDrive/BackUpThinkpadClem/Projects/HYPERNETS/NetworkDesign_D52/DataProcChain/Test_sequences/data_17112020/SEQ20201117T144353
2020-12-01 17:38:02,646 : DEBUG : Processing to L1a...
2020-12-01 17:38:02,647 : DEBUG : Reading raw data...
2020-12-01 17:38:02,648 : INFO : Visible spectra, pixel count [0.00000000e+00 1.00048852e+00 2.00097704e+00 ... 2.04599902e+03
 2.04699951e+03 2.04800000e+03]
2020-12-01 17:38:02,747 : INFO : Visible spectra, pixel count [0.00000000e+00 1.00048852e+00 2.00097704e+00 ... 2.04599902e+03
 2.04699951e+03 2.04800000e+03]
2020-12-01 17:38:02,844 : INFO : Visible spectra, pixel count [0.00000000e+00 1.00048852e+00 2.00097704e+00 ... 2.04599902e+03
 2.04699951e+03 2.04800000e+03]
2020-12-01 17:38:02,960 : ERROR : No pictures for this sequence
2020-12-01 17:38:02,960 : DEBUG : Done
2020-12-01 17:38:02,960 : DEBUG : Processing to L1a...
2020-12-01 17:38:28,567 : DEBUG : Done
2020-12-01 17:38:28,568 : DEBUG : Processing to L1b...
2020-12-01 17:38:28,630 : INFO : Temporal jump: in SEQ20200312T135926:  Aquisition time 2020-11-17 14:44:58, scan:0, quality_flag:0
2020-12-01 17:38:28,656 : INFO : Temporal jump: in SEQ20200312T135926:  Aquisition time 2020-11-17 14:44:58, scan:1, quality_flag:0
2020-12-01 17:38:28,682 : INFO : Temporal jump: in SEQ20200312T135926:  Aquisition time 2020-11-17 14:44:58, scan:2, quality_flag:0
2020-12-01 17:38:29,048 : INFO : Temporal jump: in SEQ20200312T135926:  Aquisition time 2020-11-17 14:44:00, scan:0, quality_flag:0
2020-12-01 17:38:29,073 : INFO : Temporal jump: in SEQ20200312T135926:  Aquisition time 2020-11-17 14:44:00, scan:1, quality_flag:0
2020-12-01 17:38:29,100 : INFO : Temporal jump: in SEQ20200312T135926:  Aquisition time 2020-11-17 14:44:00, scan:2, quality_flag:0
2020-12-01 18:45:36,007 : INFO : Processing sequence: /home/cgoyens/OneDrive/BackUpThinkpadClem/Projects/HYPERNETS/NetworkDesign_D52/DataProcChain/Test_sequences/data_17112020/SEQ20201117T144353
2020-12-01 18:45:36,981 : DEBUG : Processing to L1a...
2020-12-01 18:45:36,982 : DEBUG : Reading raw data...
2020-12-01 18:45:36,999 : INFO : Visible spectra, pixel count [0.00000000e+00 1.00048852e+00 2.00097704e+00 ... 2.04599902e+03
 2.04699951e+03 2.04800000e+03]
2020-12-01 18:45:37,182 : INFO : Visible spectra, pixel count [0.00000000e+00 1.00048852e+00 2.00097704e+00 ... 2.04599902e+03
 2.04699951e+03 2.04800000e+03]
2020-12-01 18:45:37,358 : INFO : Visible spectra, pixel count [0.00000000e+00 1.00048852e+00 2.00097704e+00 ... 2.04599902e+03
 2.04699951e+03 2.04800000e+03]
2020-12-01 18:45:37,556 : ERROR : No pictures for this sequence
2020-12-01 18:45:37,556 : DEBUG : Done
2020-12-01 18:45:37,557 : DEBUG : Processing to L1a...
2020-12-01 18:46:07,017 : DEBUG : Done
2020-12-01 18:46:07,017 : DEBUG : Processing to L1b...
2020-12-01 18:46:07,082 : INFO : Temporal jump: in SEQ20200312T135926:  Aquisition time 2020-11-17 14:44:58, scan:0, quality_flag:0
2020-12-01 18:46:07,109 : INFO : Temporal jump: in SEQ20200312T135926:  Aquisition time 2020-11-17 14:44:58, scan:1, quality_flag:0
2020-12-01 18:46:07,133 : INFO : Temporal jump: in SEQ20200312T135926:  Aquisition time 2020-11-17 14:44:58, scan:2, quality_flag:0
2020-12-02 11:44:09,215 : INFO : Processing sequence: /home/cgoyens/OneDrive/BackUpThinkpadClem/Projects/HYPERNETS/NetworkDesign_D52/DataProcChain/Test_sequences/data_17112020/SEQ20201117T144353
2020-12-02 11:44:09,785 : DEBUG : Processing to L1a...
2020-12-02 11:44:09,785 : DEBUG : Reading raw data...
2020-12-02 11:44:09,788 : INFO : Spectrum Type Info : VIS Irr 
2020-12-02 11:44:09,788 : DEBUG : {'Total Dataset Length': 4131, 'Spectrum Type Information': 136, 'acquisition_time': 392217, 'integration_time': 512, 'temperature': 30.164941787719727, 'Pixel Count': 2048, 'acceleration_x_mean': 15786, 'acceleration_x_std': 50, 'acceleration_y_mean': -372, 'acceleration_y_std': 51, 'acceleration_z_mean': 29, 'acceleration_z_std': 85}
2020-12-02 11:44:09,788 : INFO : Visible spectra, pixel count [0.00000000e+00 1.00048852e+00 2.00097704e+00 ... 2.04599902e+03
 2.04699951e+03 2.04800000e+03]
2020-12-02 11:44:09,808 : INFO : Spectrum Type Info : VIS Irr 
2020-12-02 11:44:09,808 : INFO : Reading Data spectra ...
2020-12-02 11:44:09,817 : INFO : Spectrum Type Info : Dark 
2020-12-02 11:44:09,817 : INFO : Reading Data spectra ...
2020-12-02 11:44:09,819 : ERROR : Warning : impossible to read 2 bytes
2020-12-02 11:46:09,060 : INFO : Processing sequence: /home/cgoyens/OneDrive/BackUpThinkpadClem/Projects/HYPERNETS/NetworkDesign_D52/DataProcChain/Test_sequences/data_17112020/SEQ20201117T144353
2020-12-02 11:46:09,516 : DEBUG : Processing to L1a...
2020-12-02 11:46:09,516 : DEBUG : Reading raw data...
2020-12-02 11:46:09,518 : INFO : Spectrum Type Info : VIS Irr 
2020-12-02 11:46:09,518 : DEBUG : {'Total Dataset Length': 4131, 'Spectrum Type Information': 136, 'acquisition_time': 392217, 'integration_time': 512, 'temperature': 30.164941787719727, 'Pixel Count': 2048, 'acceleration_x_mean': 15786, 'acceleration_x_std': 50, 'acceleration_y_mean': -372, 'acceleration_y_std': 51, 'acceleration_z_mean': 29, 'acceleration_z_std': 85}
2020-12-02 11:46:09,518 : INFO : Visible spectra, pixel count [0.00000000e+00 1.00048852e+00 2.00097704e+00 ... 2.04599902e+03
 2.04699951e+03 2.04800000e+03]
2020-12-02 11:46:09,536 : INFO : Spectrum Type Info : VIS Irr 
2020-12-02 11:46:09,536 : INFO : Reading Data spectra ...
2020-12-02 11:46:09,547 : INFO : Spectrum Type Info : Dark 
2020-12-02 11:46:09,548 : INFO : Reading Data spectra ...
2020-12-02 11:46:09,549 : ERROR : Warning : impossible to read 2 bytes
2020-12-02 11:46:41,462 : INFO : Processing sequence: /home/cgoyens/OneDrive/BackUpThinkpadClem/Projects/HYPERNETS/NetworkDesign_D52/DataProcChain/Test_sequences/data_17112020/SEQ20201117T144353
2020-12-02 11:46:41,886 : DEBUG : Processing to L1a...
2020-12-02 11:46:41,887 : DEBUG : Reading raw data...
2020-12-02 11:46:41,888 : INFO : Spectrum Type Info : VIS Irr 
2020-12-02 11:46:41,889 : DEBUG : {'Total Dataset Length': 4131, 'Spectrum Type Information': 136, 'acquisition_time': 392217, 'integration_time': 512, 'temperature': 30.164941787719727, 'Pixel Count': 2048, 'acceleration_x_mean': 15786, 'acceleration_x_std': 50, 'acceleration_y_mean': -372, 'acceleration_y_std': 51, 'acceleration_z_mean': 29, 'acceleration_z_std': 85}
2020-12-02 11:46:41,889 : INFO : Visible spectra, pixel count [0.00000000e+00 1.00048852e+00 2.00097704e+00 ... 2.04599902e+03
 2.04699951e+03 2.04800000e+03]
2020-12-02 11:46:41,905 : INFO : Spectrum Type Info : VIS Irr 
2020-12-02 11:46:41,905 : INFO : Reading Data spectra ...
2020-12-02 11:46:41,906 : INFO : Reading CRC32 ...
2020-12-02 11:46:41,915 : INFO : Spectrum Type Info : VIS Irr 
2020-12-02 11:46:41,915 : INFO : Reading Data spectra ...
2020-12-02 11:46:41,916 : INFO : Reading CRC32 ...
2020-12-02 11:46:41,927 : INFO : Spectrum Type Info : VIS Irr 
2020-12-02 11:46:41,927 : INFO : Reading Data spectra ...
2020-12-02 11:46:41,928 : INFO : Reading CRC32 ...
2020-12-02 11:46:41,934 : INFO : Spectrum Type Info : VIS Irr 
2020-12-02 11:46:41,934 : INFO : Reading Data spectra ...
2020-12-02 11:46:41,935 : INFO : Reading CRC32 ...
2020-12-02 11:46:41,942 : INFO : Spectrum Type Info : VIS Irr 
2020-12-02 11:46:41,942 : INFO : Reading Data spectra ...
2020-12-02 11:46:41,943 : INFO : Reading CRC32 ...
2020-12-02 11:46:41,950 : INFO : Spectrum Type Info : VIS Irr 
2020-12-02 11:46:41,950 : INFO : Reading Data spectra ...
2020-12-02 11:46:41,951 : INFO : Reading CRC32 ...
2020-12-02 11:46:42,007 : INFO : Spectrum Type Info : VIS Rad 
2020-12-02 11:46:42,007 : DEBUG : {'Total Dataset Length': 4131, 'Spectrum Type Information': 144, 'acquisition_time': 240962, 'integration_time': 1024, 'temperature': 30.027982711791992, 'Pixel Count': 2048, 'acceleration_x_mean': -12550, 'acceleration_x_std': 46, 'acceleration_y_mean': 623, 'acceleration_y_std': 45, 'acceleration_z_mean': 10175, 'acceleration_z_std': 66}
2020-12-02 11:46:42,007 : INFO : Visible spectra, pixel count [0.00000000e+00 1.00048852e+00 2.00097704e+00 ... 2.04599902e+03
 2.04699951e+03 2.04800000e+03]
2020-12-02 11:46:42,026 : INFO : Spectrum Type Info : VIS Rad 
2020-12-02 11:46:42,026 : INFO : Reading Data spectra ...
2020-12-02 11:46:42,027 : INFO : Reading CRC32 ...
2020-12-02 11:46:42,033 : INFO : Spectrum Type Info : VIS Rad 
2020-12-02 11:46:42,033 : INFO : Reading Data spectra ...
2020-12-02 11:46:42,033 : INFO : Reading CRC32 ...
2020-12-02 11:46:42,042 : INFO : Spectrum Type Info : VIS Rad 
2020-12-02 11:46:42,042 : INFO : Reading Data spectra ...
2020-12-02 11:46:42,043 : INFO : Reading CRC32 ...
2020-12-02 11:46:42,050 : ERROR : Spectra length not similar to header length
2020-12-02 11:46:42,050 : ERROR : Data corrupt go to next line
2020-12-02 11:46:42,050 : INFO : Spectrum Type Info : VIS Rad 
2020-12-02 11:46:42,051 : INFO : Reading Data spectra ...
2020-12-02 11:46:42,051 : INFO : Reading CRC32 ...
2020-12-02 11:46:42,057 : INFO : Spectrum Type Info : VIS Rad 
2020-12-02 11:46:42,057 : INFO : Reading Data spectra ...
2020-12-02 11:46:42,058 : INFO : Reading CRC32 ...
2020-12-02 11:46:42,064 : INFO : Spectrum Type Info : VIS Rad 
2020-12-02 11:46:42,064 : INFO : Reading Data spectra ...
2020-12-02 11:46:42,065 : INFO : Reading CRC32 ...
2020-12-02 11:46:42,071 : INFO : Spectrum Type Info : VIS Rad 
2020-12-02 11:46:42,071 : INFO : Reading Data spectra ...
2020-12-02 11:46:42,072 : INFO : Reading CRC32 ...
2020-12-02 11:46:42,077 : INFO : Spectrum Type Info : VIS Rad 
2020-12-02 11:46:42,077 : INFO : Reading Data spectra ...
2020-12-02 11:46:42,078 : INFO : Reading CRC32 ...
2020-12-02 11:46:42,083 : INFO : Spectrum Type Info : VIS Rad 
2020-12-02 11:46:42,083 : INFO : Reading Data spectra ...
2020-12-02 11:46:42,084 : INFO : Reading CRC32 ...
2020-12-02 11:46:42,090 : INFO : Spectrum Type Info : VIS Rad 
2020-12-02 11:46:42,090 : INFO : Reading Data spectra ...
2020-12-02 11:46:42,091 : INFO : Reading CRC32 ...
2020-12-02 11:46:42,097 : INFO : Spectrum Type Info : VIS Rad 
2020-12-02 11:46:42,097 : INFO : Reading Data spectra ...
2020-12-02 11:46:42,098 : INFO : Reading CRC32 ...
2020-12-02 11:46:42,105 : INFO : Spectrum Type Info : VIS Rad 
2020-12-02 11:46:42,105 : INFO : Reading Data spectra ...
2020-12-02 11:46:42,106 : INFO : Reading CRC32 ...
2020-12-02 11:46:42,113 : ERROR : Spectra length not similar to header length
2020-12-02 11:46:42,113 : ERROR : Data corrupt go to next line
2020-12-02 11:46:42,146 : INFO : Spectrum Type Info : VIS Dark 
2020-12-02 11:46:42,146 : DEBUG : {'Total Dataset Length': 4131, 'Spectrum Type Information': 128, 'acquisition_time': 179650, 'integration_time': 64, 'temperature': 29.936798095703125, 'Pixel Count': 2048, 'acceleration_x_mean': 11967, 'acceleration_x_std': 81, 'acceleration_y_mean': 650, 'acceleration_y_std': 26, 'acceleration_z_mean': 10124, 'acceleration_z_std': 63}
2020-12-02 11:46:42,146 : INFO : Visible spectra, pixel count [0.00000000e+00 1.00048852e+00 2.00097704e+00 ... 2.04599902e+03
 2.04699951e+03 2.04800000e+03]
2020-12-02 11:46:42,165 : INFO : Spectrum Type Info : VIS Dark 
2020-12-02 11:46:42,165 : INFO : Reading Data spectra ...
2020-12-02 11:46:42,166 : INFO : Reading CRC32 ...
2020-12-02 11:46:42,171 : INFO : Spectrum Type Info : VIS Dark 
2020-12-02 11:46:42,171 : INFO : Reading Data spectra ...
2020-12-02 11:46:42,172 : INFO : Reading CRC32 ...
2020-12-02 11:46:42,179 : INFO : Spectrum Type Info : VIS Dark 
2020-12-02 11:46:42,179 : INFO : Reading Data spectra ...
2020-12-02 11:46:42,180 : INFO : Reading CRC32 ...
2020-12-02 11:46:42,187 : INFO : Spectrum Type Info : VIS Dark 
2020-12-02 11:46:42,187 : INFO : Reading Data spectra ...
2020-12-02 11:46:42,188 : INFO : Reading CRC32 ...
2020-12-02 11:46:42,193 : INFO : Spectrum Type Info : VIS Dark 
2020-12-02 11:46:42,193 : INFO : Reading Data spectra ...
2020-12-02 11:46:42,194 : INFO : Reading CRC32 ...
2020-12-02 11:46:42,201 : INFO : Spectrum Type Info : VIS Dark 
2020-12-02 11:46:42,201 : INFO : Reading Data spectra ...
2020-12-02 11:46:42,202 : INFO : Reading CRC32 ...
2020-12-02 11:46:42,208 : INFO : Spectrum Type Info : VIS Dark 
2020-12-02 11:46:42,208 : INFO : Reading Data spectra ...
2020-12-02 11:46:42,209 : INFO : Reading CRC32 ...
2020-12-02 11:46:42,215 : INFO : Spectrum Type Info : VIS Dark 
2020-12-02 11:46:42,215 : INFO : Reading Data spectra ...
2020-12-02 11:46:42,216 : INFO : Reading CRC32 ...
2020-12-02 11:46:42,221 : INFO : Spectrum Type Info : VIS Dark 
2020-12-02 11:46:42,222 : INFO : Reading Data spectra ...
2020-12-02 11:46:42,223 : INFO : Reading CRC32 ...
2020-12-02 11:46:42,228 : INFO : Spectrum Type Info : VIS Dark 
2020-12-02 11:46:42,228 : INFO : Reading Data spectra ...
2020-12-02 11:46:42,229 : INFO : Reading CRC32 ...
2020-12-02 11:46:42,235 : INFO : Spectrum Type Info : VIS Dark 
2020-12-02 11:46:42,235 : INFO : Reading Data spectra ...
2020-12-02 11:46:42,236 : INFO : Reading CRC32 ...
2020-12-02 11:46:42,241 : INFO : Spectrum Type Info : VIS Dark 
2020-12-02 11:46:42,241 : INFO : Reading Data spectra ...
2020-12-02 11:46:42,243 : INFO : Reading CRC32 ...
2020-12-02 11:46:42,248 : INFO : Spectrum Type Info : VIS Dark 
2020-12-02 11:46:42,248 : INFO : Reading Data spectra ...
2020-12-02 11:46:42,249 : INFO : Reading CRC32 ...
2020-12-02 11:46:42,255 : INFO : Spectrum Type Info : VIS Dark 
2020-12-02 11:46:42,255 : INFO : Reading Data spectra ...
2020-12-02 11:46:42,255 : INFO : Reading CRC32 ...
2020-12-02 11:46:42,263 : INFO : Spectrum Type Info : VIS Dark 
2020-12-02 11:46:42,263 : INFO : Reading Data spectra ...
2020-12-02 11:46:42,264 : INFO : Reading CRC32 ...
2020-12-02 11:46:42,303 : ERROR : No pictures for this sequence
2020-12-02 11:46:42,304 : DEBUG : Done
2020-12-02 11:46:42,304 : DEBUG : Processing to L1a...
2020-12-02 11:47:02,449 : DEBUG : Done
2020-12-02 11:47:02,449 : DEBUG : Processing to L1b...
2020-12-02 11:49:30,113 : INFO : Processing sequence: /home/cgoyens/OneDrive/BackUpThinkpadClem/Projects/HYPERNETS/NetworkDesign_D52/DataProcChain/Test_sequences/data_17112020/SEQ20201117T144353
2020-12-02 11:49:30,489 : DEBUG : Processing to L1a...
2020-12-02 11:49:30,489 : DEBUG : Reading raw data...
2020-12-02 11:49:30,491 : INFO : Spectrum Type Info : VIS Irr 
2020-12-02 11:49:30,491 : DEBUG : {'Total Dataset Length': 4131, 'Spectrum Type Information': 136, 'acquisition_time': 392217, 'integration_time': 512, 'temperature': 30.164941787719727, 'Pixel Count': 2048, 'acceleration_x_mean': 15786, 'acceleration_x_std': 50, 'acceleration_y_mean': -372, 'acceleration_y_std': 51, 'acceleration_z_mean': 29, 'acceleration_z_std': 85}
2020-12-02 11:49:30,492 : INFO : Visible spectra, pixel count [0.00000000e+00 1.00048852e+00 2.00097704e+00 ... 2.04599902e+03
 2.04699951e+03 2.04800000e+03]
2020-12-02 11:49:30,515 : INFO : Spectrum Type Info : VIS Irr 
2020-12-02 11:49:30,515 : INFO : Reading Data spectra ...
2020-12-02 11:49:30,516 : INFO : Reading CRC32 ...
2020-12-02 11:49:30,526 : INFO : Spectrum Type Info : VIS Irr 
2020-12-02 11:49:30,526 : INFO : Reading Data spectra ...
2020-12-02 11:49:30,527 : INFO : Reading CRC32 ...
2020-12-02 11:49:30,532 : INFO : Spectrum Type Info : VIS Irr 
2020-12-02 11:49:30,532 : INFO : Reading Data spectra ...
2020-12-02 11:49:30,533 : INFO : Reading CRC32 ...
2020-12-02 11:49:30,541 : INFO : Spectrum Type Info : VIS Irr 
2020-12-02 11:49:30,541 : INFO : Reading Data spectra ...
2020-12-02 11:49:30,544 : INFO : Reading CRC32 ...
2020-12-02 11:49:30,550 : INFO : Spectrum Type Info : VIS Irr 
2020-12-02 11:49:30,550 : INFO : Reading Data spectra ...
2020-12-02 11:49:30,551 : INFO : Reading CRC32 ...
2020-12-02 11:49:30,559 : INFO : Spectrum Type Info : VIS Irr 
2020-12-02 11:49:30,559 : INFO : Reading Data spectra ...
2020-12-02 11:49:30,560 : INFO : Reading CRC32 ...
2020-12-02 11:49:30,608 : INFO : Spectrum Type Info : VIS Rad 
2020-12-02 11:49:30,609 : DEBUG : {'Total Dataset Length': 4131, 'Spectrum Type Information': 144, 'acquisition_time': 240962, 'integration_time': 1024, 'temperature': 30.027982711791992, 'Pixel Count': 2048, 'acceleration_x_mean': -12550, 'acceleration_x_std': 46, 'acceleration_y_mean': 623, 'acceleration_y_std': 45, 'acceleration_z_mean': 10175, 'acceleration_z_std': 66}
2020-12-02 11:49:30,609 : INFO : Visible spectra, pixel count [0.00000000e+00 1.00048852e+00 2.00097704e+00 ... 2.04599902e+03
 2.04699951e+03 2.04800000e+03]
2020-12-02 11:49:30,629 : INFO : Spectrum Type Info : VIS Rad 
2020-12-02 11:49:30,629 : INFO : Reading Data spectra ...
2020-12-02 11:49:30,630 : INFO : Reading CRC32 ...
2020-12-02 11:49:30,637 : INFO : Spectrum Type Info : VIS Rad 
2020-12-02 11:49:30,637 : INFO : Reading Data spectra ...
2020-12-02 11:49:30,638 : INFO : Reading CRC32 ...
2020-12-02 11:49:30,644 : INFO : Spectrum Type Info : VIS Rad 
2020-12-02 11:49:30,644 : INFO : Reading Data spectra ...
2020-12-02 11:49:30,645 : INFO : Reading CRC32 ...
2020-12-02 11:49:30,650 : ERROR : Spectra length not similar to header length
2020-12-02 11:49:30,651 : ERROR : Data corrupt go to next line
2020-12-02 11:49:30,651 : INFO : Spectrum Type Info : VIS Rad 
2020-12-02 11:49:30,651 : INFO : Reading Data spectra ...
2020-12-02 11:49:30,652 : INFO : Reading CRC32 ...
2020-12-02 11:49:30,660 : INFO : Spectrum Type Info : VIS Rad 
2020-12-02 11:49:30,660 : INFO : Reading Data spectra ...
2020-12-02 11:49:30,660 : INFO : Reading CRC32 ...
2020-12-02 11:49:30,666 : INFO : Spectrum Type Info : VIS Rad 
2020-12-02 11:49:30,666 : INFO : Reading Data spectra ...
2020-12-02 11:49:30,667 : INFO : Reading CRC32 ...
2020-12-02 11:49:30,673 : INFO : Spectrum Type Info : VIS Rad 
2020-12-02 11:49:30,673 : INFO : Reading Data spectra ...
2020-12-02 11:49:30,674 : INFO : Reading CRC32 ...
2020-12-02 11:49:30,680 : INFO : Spectrum Type Info : VIS Rad 
2020-12-02 11:49:30,680 : INFO : Reading Data spectra ...
2020-12-02 11:49:30,681 : INFO : Reading CRC32 ...
2020-12-02 11:49:30,687 : INFO : Spectrum Type Info : VIS Rad 
2020-12-02 11:49:30,687 : INFO : Reading Data spectra ...
2020-12-02 11:49:30,687 : INFO : Reading CRC32 ...
2020-12-02 11:49:30,695 : INFO : Spectrum Type Info : VIS Rad 
2020-12-02 11:49:30,696 : INFO : Reading Data spectra ...
2020-12-02 11:49:30,696 : INFO : Reading CRC32 ...
2020-12-02 11:49:30,703 : INFO : Spectrum Type Info : VIS Rad 
2020-12-02 11:49:30,703 : INFO : Reading Data spectra ...
2020-12-02 11:49:30,704 : INFO : Reading CRC32 ...
2020-12-02 11:49:30,710 : INFO : Spectrum Type Info : VIS Rad 
2020-12-02 11:49:30,710 : INFO : Reading Data spectra ...
2020-12-02 11:49:30,711 : INFO : Reading CRC32 ...
2020-12-02 11:49:30,717 : ERROR : Spectra length not similar to header length
2020-12-02 11:49:30,717 : ERROR : Data corrupt go to next line
2020-12-02 11:49:30,754 : INFO : Spectrum Type Info : VIS Dark 
2020-12-02 11:49:30,754 : DEBUG : {'Total Dataset Length': 4131, 'Spectrum Type Information': 128, 'acquisition_time': 179650, 'integration_time': 64, 'temperature': 29.936798095703125, 'Pixel Count': 2048, 'acceleration_x_mean': 11967, 'acceleration_x_std': 81, 'acceleration_y_mean': 650, 'acceleration_y_std': 26, 'acceleration_z_mean': 10124, 'acceleration_z_std': 63}
2020-12-02 11:49:30,755 : INFO : Visible spectra, pixel count [0.00000000e+00 1.00048852e+00 2.00097704e+00 ... 2.04599902e+03
 2.04699951e+03 2.04800000e+03]
2020-12-02 11:49:30,772 : INFO : Spectrum Type Info : VIS Dark 
2020-12-02 11:49:30,772 : INFO : Reading Data spectra ...
2020-12-02 11:49:30,773 : INFO : Reading CRC32 ...
2020-12-02 11:49:30,782 : INFO : Spectrum Type Info : VIS Dark 
2020-12-02 11:49:30,782 : INFO : Reading Data spectra ...
2020-12-02 11:49:30,783 : INFO : Reading CRC32 ...
2020-12-02 11:49:30,790 : INFO : Spectrum Type Info : VIS Dark 
2020-12-02 11:49:30,790 : INFO : Reading Data spectra ...
2020-12-02 11:49:30,791 : INFO : Reading CRC32 ...
2020-12-02 11:49:30,798 : INFO : Spectrum Type Info : VIS Dark 
2020-12-02 11:49:30,798 : INFO : Reading Data spectra ...
2020-12-02 11:49:30,799 : INFO : Reading CRC32 ...
2020-12-02 11:49:30,804 : INFO : Spectrum Type Info : VIS Dark 
2020-12-02 11:49:30,804 : INFO : Reading Data spectra ...
2020-12-02 11:49:30,805 : INFO : Reading CRC32 ...
2020-12-02 11:49:30,811 : INFO : Spectrum Type Info : VIS Dark 
2020-12-02 11:49:30,811 : INFO : Reading Data spectra ...
2020-12-02 11:49:30,812 : INFO : Reading CRC32 ...
2020-12-02 11:49:30,818 : INFO : Spectrum Type Info : VIS Dark 
2020-12-02 11:49:30,818 : INFO : Reading Data spectra ...
2020-12-02 11:49:30,819 : INFO : Reading CRC32 ...
2020-12-02 11:49:30,825 : INFO : Spectrum Type Info : VIS Dark 
2020-12-02 11:49:30,825 : INFO : Reading Data spectra ...
2020-12-02 11:49:30,826 : INFO : Reading CRC32 ...
2020-12-02 11:49:30,831 : INFO : Spectrum Type Info : VIS Dark 
2020-12-02 11:49:30,832 : INFO : Reading Data spectra ...
2020-12-02 11:49:30,832 : INFO : Reading CRC32 ...
2020-12-02 11:49:30,839 : INFO : Spectrum Type Info : VIS Dark 
2020-12-02 11:49:30,840 : INFO : Reading Data spectra ...
2020-12-02 11:49:30,841 : INFO : Reading CRC32 ...
2020-12-02 11:49:30,849 : INFO : Spectrum Type Info : VIS Dark 
2020-12-02 11:49:30,849 : INFO : Reading Data spectra ...
2020-12-02 11:49:30,850 : INFO : Reading CRC32 ...
2020-12-02 11:49:30,856 : INFO : Spectrum Type Info : VIS Dark 
2020-12-02 11:49:30,856 : INFO : Reading Data spectra ...
2020-12-02 11:49:30,857 : INFO : Reading CRC32 ...
2020-12-02 11:49:30,863 : INFO : Spectrum Type Info : VIS Dark 
2020-12-02 11:49:30,863 : INFO : Reading Data spectra ...
2020-12-02 11:49:30,864 : INFO : Reading CRC32 ...
2020-12-02 11:49:30,869 : INFO : Spectrum Type Info : VIS Dark 
2020-12-02 11:49:30,870 : INFO : Reading Data spectra ...
2020-12-02 11:49:30,870 : INFO : Reading CRC32 ...
2020-12-02 11:49:30,876 : INFO : Spectrum Type Info : VIS Dark 
2020-12-02 11:49:30,876 : INFO : Reading Data spectra ...
2020-12-02 11:49:30,877 : INFO : Reading CRC32 ...
2020-12-02 11:49:30,918 : ERROR : No pictures for this sequence
2020-12-02 11:49:30,918 : DEBUG : Done
2020-12-02 11:49:30,919 : DEBUG : Processing to L1a...
2020-12-02 11:49:51,328 : DEBUG : Done
2020-12-02 11:49:51,328 : DEBUG : Processing to L1b...
2020-12-02 11:51:54,212 : INFO : Processing sequence: /home/cgoyens/OneDrive/BackUpThinkpadClem/Projects/HYPERNETS/NetworkDesign_D52/DataProcChain/Test_sequences/data_17112020/SEQ20201117T144353
2020-12-02 11:51:54,592 : DEBUG : Processing to L1a...
2020-12-02 11:51:54,592 : DEBUG : Reading raw data...
2020-12-02 11:51:54,597 : INFO : Spectrum Type Info : VIS Irr 
2020-12-02 11:51:54,597 : DEBUG : {'Total Dataset Length': 4131, 'Spectrum Type Information': 136, 'acquisition_time': 392217, 'integration_time': 512, 'temperature': 30.164941787719727, 'Pixel Count': 2048, 'acceleration_x_mean': 15786, 'acceleration_x_std': 50, 'acceleration_y_mean': -372, 'acceleration_y_std': 51, 'acceleration_z_mean': 29, 'acceleration_z_std': 85}
2020-12-02 11:51:54,597 : INFO : Visible spectra, pixel count [0.00000000e+00 1.00048852e+00 2.00097704e+00 ... 2.04599902e+03
 2.04699951e+03 2.04800000e+03]
2020-12-02 11:51:54,622 : INFO : Spectrum Type Info : VIS Irr 
2020-12-02 11:51:54,622 : INFO : Reading Data spectra ...
2020-12-02 11:51:54,623 : INFO : Reading CRC32 ...
2020-12-02 11:51:54,629 : INFO : Spectrum Type Info : VIS Irr 
2020-12-02 11:51:54,629 : INFO : Reading Data spectra ...
2020-12-02 11:51:54,630 : INFO : Reading CRC32 ...
2020-12-02 11:51:54,639 : INFO : Spectrum Type Info : VIS Irr 
2020-12-02 11:51:54,639 : INFO : Reading Data spectra ...
2020-12-02 11:51:54,640 : INFO : Reading CRC32 ...
2020-12-02 11:51:54,646 : INFO : Spectrum Type Info : VIS Irr 
2020-12-02 11:51:54,647 : INFO : Reading Data spectra ...
2020-12-02 11:51:54,647 : INFO : Reading CRC32 ...
2020-12-02 11:51:54,653 : INFO : Spectrum Type Info : VIS Irr 
2020-12-02 11:51:54,653 : INFO : Reading Data spectra ...
2020-12-02 11:51:54,654 : INFO : Reading CRC32 ...
2020-12-02 11:51:54,662 : INFO : Spectrum Type Info : VIS Irr 
2020-12-02 11:51:54,662 : INFO : Reading Data spectra ...
2020-12-02 11:51:54,663 : INFO : Reading CRC32 ...
2020-12-02 11:51:54,709 : INFO : Spectrum Type Info : VIS Rad 
2020-12-02 11:51:54,709 : DEBUG : {'Total Dataset Length': 4131, 'Spectrum Type Information': 144, 'acquisition_time': 240962, 'integration_time': 1024, 'temperature': 30.027982711791992, 'Pixel Count': 2048, 'acceleration_x_mean': -12550, 'acceleration_x_std': 46, 'acceleration_y_mean': 623, 'acceleration_y_std': 45, 'acceleration_z_mean': 10175, 'acceleration_z_std': 66}
2020-12-02 11:51:54,709 : INFO : Visible spectra, pixel count [0.00000000e+00 1.00048852e+00 2.00097704e+00 ... 2.04599902e+03
 2.04699951e+03 2.04800000e+03]
2020-12-02 11:51:54,722 : INFO : Spectrum Type Info : VIS Rad 
2020-12-02 11:51:54,722 : INFO : Reading Data spectra ...
2020-12-02 11:51:54,723 : INFO : Reading CRC32 ...
2020-12-02 11:51:54,728 : INFO : Spectrum Type Info : VIS Rad 
2020-12-02 11:51:54,728 : INFO : Reading Data spectra ...
2020-12-02 11:51:54,729 : INFO : Reading CRC32 ...
2020-12-02 11:51:54,735 : INFO : Spectrum Type Info : VIS Rad 
2020-12-02 11:51:54,735 : INFO : Reading Data spectra ...
2020-12-02 11:51:54,736 : INFO : Reading CRC32 ...
2020-12-02 11:51:54,742 : ERROR : Spectra length not similar to header length
2020-12-02 11:51:54,742 : ERROR : Data corrupt go to next line
2020-12-02 11:51:54,743 : INFO : Spectrum Type Info : VIS Rad 
2020-12-02 11:51:54,743 : INFO : Reading Data spectra ...
2020-12-02 11:51:54,743 : INFO : Reading CRC32 ...
2020-12-02 11:51:54,749 : INFO : Spectrum Type Info : VIS Rad 
2020-12-02 11:51:54,749 : INFO : Reading Data spectra ...
2020-12-02 11:51:54,750 : INFO : Reading CRC32 ...
2020-12-02 11:51:54,756 : INFO : Spectrum Type Info : VIS Rad 
2020-12-02 11:51:54,756 : INFO : Reading Data spectra ...
2020-12-02 11:51:54,757 : INFO : Reading CRC32 ...
2020-12-02 11:51:54,763 : INFO : Spectrum Type Info : VIS Rad 
2020-12-02 11:51:54,763 : INFO : Reading Data spectra ...
2020-12-02 11:51:54,764 : INFO : Reading CRC32 ...
2020-12-02 11:51:54,769 : INFO : Spectrum Type Info : VIS Rad 
2020-12-02 11:51:54,769 : INFO : Reading Data spectra ...
2020-12-02 11:51:54,770 : INFO : Reading CRC32 ...
2020-12-02 11:51:54,776 : INFO : Spectrum Type Info : VIS Rad 
2020-12-02 11:51:54,776 : INFO : Reading Data spectra ...
2020-12-02 11:51:54,777 : INFO : Reading CRC32 ...
2020-12-02 11:51:54,782 : INFO : Spectrum Type Info : VIS Rad 
2020-12-02 11:51:54,782 : INFO : Reading Data spectra ...
2020-12-02 11:51:54,783 : INFO : Reading CRC32 ...
2020-12-02 11:51:54,788 : INFO : Spectrum Type Info : VIS Rad 
2020-12-02 11:51:54,788 : INFO : Reading Data spectra ...
2020-12-02 11:51:54,789 : INFO : Reading CRC32 ...
2020-12-02 11:51:54,795 : INFO : Spectrum Type Info : VIS Rad 
2020-12-02 11:51:54,795 : INFO : Reading Data spectra ...
2020-12-02 11:51:54,796 : INFO : Reading CRC32 ...
2020-12-02 11:51:54,801 : ERROR : Spectra length not similar to header length
2020-12-02 11:51:54,801 : ERROR : Data corrupt go to next line
2020-12-02 11:51:54,835 : INFO : Spectrum Type Info : VIS Dark 
2020-12-02 11:51:54,835 : DEBUG : {'Total Dataset Length': 4131, 'Spectrum Type Information': 128, 'acquisition_time': 179650, 'integration_time': 64, 'temperature': 29.936798095703125, 'Pixel Count': 2048, 'acceleration_x_mean': 11967, 'acceleration_x_std': 81, 'acceleration_y_mean': 650, 'acceleration_y_std': 26, 'acceleration_z_mean': 10124, 'acceleration_z_std': 63}
2020-12-02 11:51:54,835 : INFO : Visible spectra, pixel count [0.00000000e+00 1.00048852e+00 2.00097704e+00 ... 2.04599902e+03
 2.04699951e+03 2.04800000e+03]
2020-12-02 11:51:54,858 : INFO : Spectrum Type Info : VIS Dark 
2020-12-02 11:51:54,858 : INFO : Reading Data spectra ...
2020-12-02 11:51:54,860 : INFO : Reading CRC32 ...
2020-12-02 11:51:54,869 : INFO : Spectrum Type Info : VIS Dark 
2020-12-02 11:51:54,869 : INFO : Reading Data spectra ...
2020-12-02 11:51:54,871 : INFO : Reading CRC32 ...
2020-12-02 11:51:54,881 : INFO : Spectrum Type Info : VIS Dark 
2020-12-02 11:51:54,881 : INFO : Reading Data spectra ...
2020-12-02 11:51:54,883 : INFO : Reading CRC32 ...
2020-12-02 11:51:54,893 : INFO : Spectrum Type Info : VIS Dark 
2020-12-02 11:51:54,893 : INFO : Reading Data spectra ...
2020-12-02 11:51:54,894 : INFO : Reading CRC32 ...
2020-12-02 11:51:54,901 : INFO : Spectrum Type Info : VIS Dark 
2020-12-02 11:51:54,901 : INFO : Reading Data spectra ...
2020-12-02 11:51:54,902 : INFO : Reading CRC32 ...
2020-12-02 11:51:54,907 : INFO : Spectrum Type Info : VIS Dark 
2020-12-02 11:51:54,907 : INFO : Reading Data spectra ...
2020-12-02 11:51:54,908 : INFO : Reading CRC32 ...
2020-12-02 11:51:54,914 : INFO : Spectrum Type Info : VIS Dark 
2020-12-02 11:51:54,914 : INFO : Reading Data spectra ...
2020-12-02 11:51:54,915 : INFO : Reading CRC32 ...
2020-12-02 11:51:54,921 : INFO : Spectrum Type Info : VIS Dark 
2020-12-02 11:51:54,921 : INFO : Reading Data spectra ...
2020-12-02 11:51:54,921 : INFO : Reading CRC32 ...
2020-12-02 11:51:54,926 : INFO : Spectrum Type Info : VIS Dark 
2020-12-02 11:51:54,927 : INFO : Reading Data spectra ...
2020-12-02 11:51:54,927 : INFO : Reading CRC32 ...
2020-12-02 11:51:54,934 : INFO : Spectrum Type Info : VIS Dark 
2020-12-02 11:51:54,934 : INFO : Reading Data spectra ...
2020-12-02 11:51:54,935 : INFO : Reading CRC32 ...
2020-12-02 11:51:54,941 : INFO : Spectrum Type Info : VIS Dark 
2020-12-02 11:51:54,941 : INFO : Reading Data spectra ...
2020-12-02 11:51:54,942 : INFO : Reading CRC32 ...
2020-12-02 11:51:54,947 : INFO : Spectrum Type Info : VIS Dark 
2020-12-02 11:51:54,947 : INFO : Reading Data spectra ...
2020-12-02 11:51:54,948 : INFO : Reading CRC32 ...
2020-12-02 11:51:54,954 : INFO : Spectrum Type Info : VIS Dark 
2020-12-02 11:51:54,954 : INFO : Reading Data spectra ...
2020-12-02 11:51:54,955 : INFO : Reading CRC32 ...
2020-12-02 11:51:54,960 : INFO : Spectrum Type Info : VIS Dark 
2020-12-02 11:51:54,961 : INFO : Reading Data spectra ...
2020-12-02 11:51:54,961 : INFO : Reading CRC32 ...
2020-12-02 11:51:54,966 : INFO : Spectrum Type Info : VIS Dark 
2020-12-02 11:51:54,966 : INFO : Reading Data spectra ...
2020-12-02 11:51:54,967 : INFO : Reading CRC32 ...
2020-12-02 11:51:55,007 : ERROR : No pictures for this sequence
2020-12-02 11:51:55,007 : DEBUG : Done
2020-12-02 11:51:55,007 : DEBUG : Processing to L1a...
2020-12-02 11:52:14,682 : DEBUG : Done
2020-12-02 11:52:14,682 : DEBUG : Processing to L1b...
2020-12-02 11:52:49,627 : INFO : Processing sequence: /home/cgoyens/OneDrive/BackUpThinkpadClem/Projects/HYPERNETS/NetworkDesign_D52/DataProcChain/Test_sequences/data_17112020/SEQ20201117T144353
2020-12-02 11:52:50,012 : DEBUG : Processing to L1a...
2020-12-02 11:52:50,012 : DEBUG : Reading raw data...
2020-12-02 11:52:50,014 : INFO : Spectrum Type Info : VIS Irr 
2020-12-02 11:52:50,014 : DEBUG : {'Total Dataset Length': 4131, 'Spectrum Type Information': 136, 'acquisition_time': 392217, 'integration_time': 512, 'temperature': 30.164941787719727, 'Pixel Count': 2048, 'acceleration_x_mean': 15786, 'acceleration_x_std': 50, 'acceleration_y_mean': -372, 'acceleration_y_std': 51, 'acceleration_z_mean': 29, 'acceleration_z_std': 85}
2020-12-02 11:52:50,015 : INFO : Visible spectra, pixel count [0.00000000e+00 1.00048852e+00 2.00097704e+00 ... 2.04599902e+03
 2.04699951e+03 2.04800000e+03]
2020-12-02 11:52:50,036 : INFO : Spectrum Type Info : VIS Irr 
2020-12-02 11:52:50,037 : INFO : Reading Data spectra ...
2020-12-02 11:52:50,038 : INFO : Reading CRC32 ...
2020-12-02 11:52:50,048 : INFO : Spectrum Type Info : VIS Irr 
2020-12-02 11:52:50,048 : INFO : Reading Data spectra ...
2020-12-02 11:52:50,049 : INFO : Reading CRC32 ...
2020-12-02 11:52:50,055 : INFO : Spectrum Type Info : VIS Irr 
2020-12-02 11:52:50,056 : INFO : Reading Data spectra ...
2020-12-02 11:52:50,057 : INFO : Reading CRC32 ...
2020-12-02 11:52:50,067 : INFO : Spectrum Type Info : VIS Irr 
2020-12-02 11:52:50,067 : INFO : Reading Data spectra ...
2020-12-02 11:52:50,068 : INFO : Reading CRC32 ...
2020-12-02 11:52:50,075 : INFO : Spectrum Type Info : VIS Irr 
2020-12-02 11:52:50,076 : INFO : Reading Data spectra ...
2020-12-02 11:52:50,077 : INFO : Reading CRC32 ...
2020-12-02 11:52:50,087 : INFO : Spectrum Type Info : VIS Irr 
2020-12-02 11:52:50,087 : INFO : Reading Data spectra ...
2020-12-02 11:52:50,088 : INFO : Reading CRC32 ...
2020-12-02 11:52:50,144 : INFO : Spectrum Type Info : VIS Rad 
2020-12-02 11:52:50,144 : DEBUG : {'Total Dataset Length': 4131, 'Spectrum Type Information': 144, 'acquisition_time': 240962, 'integration_time': 1024, 'temperature': 30.027982711791992, 'Pixel Count': 2048, 'acceleration_x_mean': -12550, 'acceleration_x_std': 46, 'acceleration_y_mean': 623, 'acceleration_y_std': 45, 'acceleration_z_mean': 10175, 'acceleration_z_std': 66}
2020-12-02 11:52:50,144 : INFO : Visible spectra, pixel count [0.00000000e+00 1.00048852e+00 2.00097704e+00 ... 2.04599902e+03
 2.04699951e+03 2.04800000e+03]
2020-12-02 11:52:50,167 : INFO : Spectrum Type Info : VIS Rad 
2020-12-02 11:52:50,167 : INFO : Reading Data spectra ...
2020-12-02 11:52:50,168 : INFO : Reading CRC32 ...
2020-12-02 11:52:50,173 : INFO : Spectrum Type Info : VIS Rad 
2020-12-02 11:52:50,174 : INFO : Reading Data spectra ...
2020-12-02 11:52:50,174 : INFO : Reading CRC32 ...
2020-12-02 11:52:50,181 : INFO : Spectrum Type Info : VIS Rad 
2020-12-02 11:52:50,181 : INFO : Reading Data spectra ...
2020-12-02 11:52:50,182 : INFO : Reading CRC32 ...
2020-12-02 11:52:50,188 : ERROR : Spectra length not similar to header length
2020-12-02 11:52:50,188 : ERROR : Data corrupt go to next line
2020-12-02 11:52:50,189 : INFO : Spectrum Type Info : VIS Rad 
2020-12-02 11:52:50,189 : INFO : Reading Data spectra ...
2020-12-02 11:52:50,189 : INFO : Reading CRC32 ...
2020-12-02 11:52:50,195 : INFO : Spectrum Type Info : VIS Rad 
2020-12-02 11:52:50,195 : INFO : Reading Data spectra ...
2020-12-02 11:52:50,196 : INFO : Reading CRC32 ...
2020-12-02 11:52:50,203 : INFO : Spectrum Type Info : VIS Rad 
2020-12-02 11:52:50,203 : INFO : Reading Data spectra ...
2020-12-02 11:52:50,203 : INFO : Reading CRC32 ...
2020-12-02 11:52:50,210 : INFO : Spectrum Type Info : VIS Rad 
2020-12-02 11:52:50,210 : INFO : Reading Data spectra ...
2020-12-02 11:52:50,211 : INFO : Reading CRC32 ...
2020-12-02 11:52:50,218 : INFO : Spectrum Type Info : VIS Rad 
2020-12-02 11:52:50,218 : INFO : Reading Data spectra ...
2020-12-02 11:52:50,219 : INFO : Reading CRC32 ...
2020-12-02 11:52:50,226 : INFO : Spectrum Type Info : VIS Rad 
2020-12-02 11:52:50,226 : INFO : Reading Data spectra ...
2020-12-02 11:52:50,227 : INFO : Reading CRC32 ...
2020-12-02 11:52:50,232 : INFO : Spectrum Type Info : VIS Rad 
2020-12-02 11:52:50,232 : INFO : Reading Data spectra ...
2020-12-02 11:52:50,233 : INFO : Reading CRC32 ...
2020-12-02 11:52:50,242 : INFO : Spectrum Type Info : VIS Rad 
2020-12-02 11:52:50,242 : INFO : Reading Data spectra ...
2020-12-02 11:52:50,244 : INFO : Reading CRC32 ...
2020-12-02 11:52:50,252 : INFO : Spectrum Type Info : VIS Rad 
2020-12-02 11:52:50,252 : INFO : Reading Data spectra ...
2020-12-02 11:52:50,253 : INFO : Reading CRC32 ...
2020-12-02 11:52:50,258 : ERROR : Spectra length not similar to header length
2020-12-02 11:52:50,258 : ERROR : Data corrupt go to next line
2020-12-02 11:52:50,298 : INFO : Spectrum Type Info : VIS Dark 
2020-12-02 11:52:50,298 : DEBUG : {'Total Dataset Length': 4131, 'Spectrum Type Information': 128, 'acquisition_time': 179650, 'integration_time': 64, 'temperature': 29.936798095703125, 'Pixel Count': 2048, 'acceleration_x_mean': 11967, 'acceleration_x_std': 81, 'acceleration_y_mean': 650, 'acceleration_y_std': 26, 'acceleration_z_mean': 10124, 'acceleration_z_std': 63}
2020-12-02 11:52:50,299 : INFO : Visible spectra, pixel count [0.00000000e+00 1.00048852e+00 2.00097704e+00 ... 2.04599902e+03
 2.04699951e+03 2.04800000e+03]
2020-12-02 11:52:50,313 : INFO : Spectrum Type Info : VIS Dark 
2020-12-02 11:52:50,313 : INFO : Reading Data spectra ...
2020-12-02 11:52:50,313 : INFO : Reading CRC32 ...
2020-12-02 11:52:50,322 : INFO : Spectrum Type Info : VIS Dark 
2020-12-02 11:52:50,322 : INFO : Reading Data spectra ...
2020-12-02 11:52:50,323 : INFO : Reading CRC32 ...
2020-12-02 11:52:50,329 : INFO : Spectrum Type Info : VIS Dark 
2020-12-02 11:52:50,329 : INFO : Reading Data spectra ...
2020-12-02 11:52:50,330 : INFO : Reading CRC32 ...
2020-12-02 11:52:50,336 : INFO : Spectrum Type Info : VIS Dark 
2020-12-02 11:52:50,336 : INFO : Reading Data spectra ...
2020-12-02 11:52:50,337 : INFO : Reading CRC32 ...
2020-12-02 11:52:50,344 : INFO : Spectrum Type Info : VIS Dark 
2020-12-02 11:52:50,345 : INFO : Reading Data spectra ...
2020-12-02 11:52:50,345 : INFO : Reading CRC32 ...
2020-12-02 11:52:50,352 : INFO : Spectrum Type Info : VIS Dark 
2020-12-02 11:52:50,352 : INFO : Reading Data spectra ...
2020-12-02 11:52:50,353 : INFO : Reading CRC32 ...
2020-12-02 11:52:50,359 : INFO : Spectrum Type Info : VIS Dark 
2020-12-02 11:52:50,360 : INFO : Reading Data spectra ...
2020-12-02 11:52:50,360 : INFO : Reading CRC32 ...
2020-12-02 11:52:50,366 : INFO : Spectrum Type Info : VIS Dark 
2020-12-02 11:52:50,366 : INFO : Reading Data spectra ...
2020-12-02 11:52:50,367 : INFO : Reading CRC32 ...
2020-12-02 11:52:50,373 : INFO : Spectrum Type Info : VIS Dark 
2020-12-02 11:52:50,373 : INFO : Reading Data spectra ...
2020-12-02 11:52:50,374 : INFO : Reading CRC32 ...
2020-12-02 11:52:50,384 : INFO : Spectrum Type Info : VIS Dark 
2020-12-02 11:52:50,384 : INFO : Reading Data spectra ...
2020-12-02 11:52:50,385 : INFO : Reading CRC32 ...
2020-12-02 11:52:50,393 : INFO : Spectrum Type Info : VIS Dark 
2020-12-02 11:52:50,393 : INFO : Reading Data spectra ...
2020-12-02 11:52:50,394 : INFO : Reading CRC32 ...
2020-12-02 11:52:50,403 : INFO : Spectrum Type Info : VIS Dark 
2020-12-02 11:52:50,403 : INFO : Reading Data spectra ...
2020-12-02 11:52:50,404 : INFO : Reading CRC32 ...
2020-12-02 11:52:50,411 : INFO : Spectrum Type Info : VIS Dark 
2020-12-02 11:52:50,411 : INFO : Reading Data spectra ...
2020-12-02 11:52:50,411 : INFO : Reading CRC32 ...
2020-12-02 11:52:50,418 : INFO : Spectrum Type Info : VIS Dark 
2020-12-02 11:52:50,418 : INFO : Reading Data spectra ...
2020-12-02 11:52:50,419 : INFO : Reading CRC32 ...
2020-12-02 11:52:50,425 : INFO : Spectrum Type Info : VIS Dark 
2020-12-02 11:52:50,425 : INFO : Reading Data spectra ...
2020-12-02 11:52:50,426 : INFO : Reading CRC32 ...
2020-12-02 11:52:50,470 : ERROR : No pictures for this sequence
2020-12-02 11:52:50,470 : DEBUG : Done
2020-12-02 11:52:50,471 : DEBUG : Processing to L1a...
2020-12-02 11:53:12,255 : DEBUG : Done
2020-12-02 11:53:12,256 : DEBUG : Processing to L1b...
2020-12-02 15:19:51,189 : INFO : Processing sequence: /home/cgoyens/OneDrive/BackUpThinkpadClem/Projects/HYPERNETS/NetworkDesign_D52/DataProcChain/Test_sequences/data_17112020/SEQ20201117T144353
2020-12-02 15:19:51,840 : DEBUG : Processing to L1a...
2020-12-02 15:19:51,840 : DEBUG : Reading raw data...
2020-12-02 15:19:51,843 : INFO : Spectrum Type Info : VIS Irr 
2020-12-02 15:19:51,843 : DEBUG : {'Total Dataset Length': 4131, 'Spectrum Type Information': 136, 'acquisition_time': 392217, 'integration_time': 512, 'temperature': 30.164941787719727, 'Pixel Count': 2048, 'acceleration_x_mean': 15786, 'acceleration_x_std': 50, 'acceleration_y_mean': -372, 'acceleration_y_std': 51, 'acceleration_z_mean': 29, 'acceleration_z_std': 85}
2020-12-02 15:19:51,844 : INFO : Visible spectra, pixel count [0.00000000e+00 1.00048852e+00 2.00097704e+00 ... 2.04599902e+03
 2.04699951e+03 2.04800000e+03]
2020-12-02 15:19:51,863 : INFO : Spectrum Type Info : VIS Irr 
2020-12-02 15:19:51,864 : INFO : Reading Data spectra ...
2020-12-02 15:19:51,864 : INFO : Reading CRC32 ...
2020-12-02 15:19:51,870 : INFO : Spectrum Type Info : VIS Irr 
2020-12-02 15:19:51,870 : INFO : Reading Data spectra ...
2020-12-02 15:19:51,871 : INFO : Reading CRC32 ...
2020-12-02 15:19:51,876 : INFO : Spectrum Type Info : VIS Irr 
2020-12-02 15:19:51,876 : INFO : Reading Data spectra ...
2020-12-02 15:19:51,877 : INFO : Reading CRC32 ...
2020-12-02 15:19:51,885 : INFO : Spectrum Type Info : VIS Irr 
2020-12-02 15:19:51,885 : INFO : Reading Data spectra ...
2020-12-02 15:19:51,886 : INFO : Reading CRC32 ...
2020-12-02 15:19:51,891 : INFO : Spectrum Type Info : VIS Irr 
2020-12-02 15:19:51,891 : INFO : Reading Data spectra ...
2020-12-02 15:19:51,892 : INFO : Reading CRC32 ...
2020-12-02 15:19:51,897 : INFO : Spectrum Type Info : VIS Irr 
2020-12-02 15:19:51,898 : INFO : Reading Data spectra ...
2020-12-02 15:19:51,898 : INFO : Reading CRC32 ...
2020-12-02 15:19:51,959 : INFO : Spectrum Type Info : VIS Rad 
2020-12-02 15:19:51,960 : DEBUG : {'Total Dataset Length': 4131, 'Spectrum Type Information': 144, 'acquisition_time': 240962, 'integration_time': 1024, 'temperature': 30.027982711791992, 'Pixel Count': 2048, 'acceleration_x_mean': -12550, 'acceleration_x_std': 46, 'acceleration_y_mean': 623, 'acceleration_y_std': 45, 'acceleration_z_mean': 10175, 'acceleration_z_std': 66}
2020-12-02 15:19:51,960 : INFO : Visible spectra, pixel count [0.00000000e+00 1.00048852e+00 2.00097704e+00 ... 2.04599902e+03
 2.04699951e+03 2.04800000e+03]
2020-12-02 15:19:51,973 : INFO : Spectrum Type Info : VIS Rad 
2020-12-02 15:19:51,974 : INFO : Reading Data spectra ...
2020-12-02 15:19:51,974 : INFO : Reading CRC32 ...
2020-12-02 15:19:51,981 : INFO : Spectrum Type Info : VIS Rad 
2020-12-02 15:19:51,981 : INFO : Reading Data spectra ...
2020-12-02 15:19:51,982 : INFO : Reading CRC32 ...
2020-12-02 15:19:51,987 : INFO : Spectrum Type Info : VIS Rad 
2020-12-02 15:19:51,987 : INFO : Reading Data spectra ...
2020-12-02 15:19:51,989 : INFO : Reading CRC32 ...
2020-12-02 15:19:51,994 : ERROR : Spectra length not similar to header length
2020-12-02 15:19:51,994 : ERROR : Data corrupt go to next line
2020-12-02 15:19:51,994 : INFO : Spectrum Type Info : VIS Rad 
2020-12-02 15:19:51,994 : INFO : Reading Data spectra ...
2020-12-02 15:19:51,995 : INFO : Reading CRC32 ...
2020-12-02 15:19:52,004 : INFO : Spectrum Type Info : VIS Rad 
2020-12-02 15:19:52,004 : INFO : Reading Data spectra ...
2020-12-02 15:19:52,005 : INFO : Reading CRC32 ...
2020-12-02 15:19:52,011 : INFO : Spectrum Type Info : VIS Rad 
2020-12-02 15:19:52,011 : INFO : Reading Data spectra ...
2020-12-02 15:19:52,012 : INFO : Reading CRC32 ...
2020-12-02 15:19:52,018 : INFO : Spectrum Type Info : VIS Rad 
2020-12-02 15:19:52,018 : INFO : Reading Data spectra ...
2020-12-02 15:19:52,019 : INFO : Reading CRC32 ...
2020-12-02 15:19:52,024 : INFO : Spectrum Type Info : VIS Rad 
2020-12-02 15:19:52,024 : INFO : Reading Data spectra ...
2020-12-02 15:19:52,025 : INFO : Reading CRC32 ...
2020-12-02 15:19:52,031 : INFO : Spectrum Type Info : VIS Rad 
2020-12-02 15:19:52,031 : INFO : Reading Data spectra ...
2020-12-02 15:19:52,032 : INFO : Reading CRC32 ...
2020-12-02 15:19:52,039 : INFO : Spectrum Type Info : VIS Rad 
2020-12-02 15:19:52,039 : INFO : Reading Data spectra ...
2020-12-02 15:19:52,040 : INFO : Reading CRC32 ...
2020-12-02 15:19:52,045 : INFO : Spectrum Type Info : VIS Rad 
2020-12-02 15:19:52,046 : INFO : Reading Data spectra ...
2020-12-02 15:19:52,047 : INFO : Reading CRC32 ...
2020-12-02 15:19:52,053 : INFO : Spectrum Type Info : VIS Rad 
2020-12-02 15:19:52,053 : INFO : Reading Data spectra ...
2020-12-02 15:19:52,054 : INFO : Reading CRC32 ...
2020-12-02 15:19:52,060 : ERROR : Spectra length not similar to header length
2020-12-02 15:19:52,060 : ERROR : Data corrupt go to next line
2020-12-02 15:19:52,092 : INFO : Spectrum Type Info : VIS Dark 
2020-12-02 15:19:52,092 : DEBUG : {'Total Dataset Length': 4131, 'Spectrum Type Information': 128, 'acquisition_time': 179650, 'integration_time': 64, 'temperature': 29.936798095703125, 'Pixel Count': 2048, 'acceleration_x_mean': 11967, 'acceleration_x_std': 81, 'acceleration_y_mean': 650, 'acceleration_y_std': 26, 'acceleration_z_mean': 10124, 'acceleration_z_std': 63}
2020-12-02 15:19:52,093 : INFO : Visible spectra, pixel count [0.00000000e+00 1.00048852e+00 2.00097704e+00 ... 2.04599902e+03
 2.04699951e+03 2.04800000e+03]
2020-12-02 15:19:52,112 : INFO : Spectrum Type Info : VIS Dark 
2020-12-02 15:19:52,112 : INFO : Reading Data spectra ...
2020-12-02 15:19:52,113 : INFO : Reading CRC32 ...
2020-12-02 15:19:52,121 : INFO : Spectrum Type Info : VIS Dark 
2020-12-02 15:19:52,121 : INFO : Reading Data spectra ...
2020-12-02 15:19:52,122 : INFO : Reading CRC32 ...
2020-12-02 15:19:52,128 : INFO : Spectrum Type Info : VIS Dark 
2020-12-02 15:19:52,129 : INFO : Reading Data spectra ...
2020-12-02 15:19:52,129 : INFO : Reading CRC32 ...
2020-12-02 15:19:52,136 : INFO : Spectrum Type Info : VIS Dark 
2020-12-02 15:19:52,136 : INFO : Reading Data spectra ...
2020-12-02 15:19:52,137 : INFO : Reading CRC32 ...
2020-12-02 15:19:52,143 : INFO : Spectrum Type Info : VIS Dark 
2020-12-02 15:19:52,143 : INFO : Reading Data spectra ...
2020-12-02 15:19:52,145 : INFO : Reading CRC32 ...
2020-12-02 15:19:52,151 : INFO : Spectrum Type Info : VIS Dark 
2020-12-02 15:19:52,151 : INFO : Reading Data spectra ...
2020-12-02 15:19:52,152 : INFO : Reading CRC32 ...
2020-12-02 15:19:52,158 : INFO : Spectrum Type Info : VIS Dark 
2020-12-02 15:19:52,158 : INFO : Reading Data spectra ...
2020-12-02 15:19:52,159 : INFO : Reading CRC32 ...
2020-12-02 15:19:52,167 : INFO : Spectrum Type Info : VIS Dark 
2020-12-02 15:19:52,167 : INFO : Reading Data spectra ...
2020-12-02 15:19:52,167 : INFO : Reading CRC32 ...
2020-12-02 15:19:52,173 : INFO : Spectrum Type Info : VIS Dark 
2020-12-02 15:19:52,173 : INFO : Reading Data spectra ...
2020-12-02 15:19:52,174 : INFO : Reading CRC32 ...
2020-12-02 15:19:52,181 : INFO : Spectrum Type Info : VIS Dark 
2020-12-02 15:19:52,181 : INFO : Reading Data spectra ...
2020-12-02 15:19:52,181 : INFO : Reading CRC32 ...
2020-12-02 15:19:52,187 : INFO : Spectrum Type Info : VIS Dark 
2020-12-02 15:19:52,187 : INFO : Reading Data spectra ...
2020-12-02 15:19:52,188 : INFO : Reading CRC32 ...
2020-12-02 15:19:52,194 : INFO : Spectrum Type Info : VIS Dark 
2020-12-02 15:19:52,194 : INFO : Reading Data spectra ...
2020-12-02 15:19:52,195 : INFO : Reading CRC32 ...
2020-12-02 15:19:52,200 : INFO : Spectrum Type Info : VIS Dark 
2020-12-02 15:19:52,200 : INFO : Reading Data spectra ...
2020-12-02 15:19:52,201 : INFO : Reading CRC32 ...
2020-12-02 15:19:52,207 : INFO : Spectrum Type Info : VIS Dark 
2020-12-02 15:19:52,207 : INFO : Reading Data spectra ...
2020-12-02 15:19:52,208 : INFO : Reading CRC32 ...
2020-12-02 15:19:52,213 : INFO : Spectrum Type Info : VIS Dark 
2020-12-02 15:19:52,214 : INFO : Reading Data spectra ...
2020-12-02 15:19:52,214 : INFO : Reading CRC32 ...
2020-12-02 15:19:52,256 : ERROR : No pictures for this sequence
2020-12-02 15:19:52,256 : DEBUG : Done
2020-12-02 15:19:52,256 : DEBUG : Processing to L1a...
2020-12-02 15:20:13,210 : DEBUG : Done
2020-12-02 15:20:13,210 : DEBUG : Processing to L1b...
2020-12-02 15:20:13,726 : DEBUG : WaterNetworkProtocol
2020-12-02 15:20:13,736 : DEBUG : 1605624372
2020-12-02 15:20:13,737 : DEBUG : 1605624372
2020-12-02 15:20:13,738 : DEBUG : 1605624372
2020-12-02 15:20:13,739 : DEBUG : 1605624372
2020-12-02 15:20:13,741 : DEBUG : 1605624372
2020-12-02 15:20:13,741 : DEBUG : 1605624372
2020-12-02 15:32:13,726 : INFO : Processing sequence: /home/cgoyens/OneDrive/BackUpThinkpadClem/Projects/HYPERNETS/NetworkDesign_D52/DataProcChain/Test_sequences/data_17112020/SEQ20201117T144353
2020-12-02 15:32:14,538 : DEBUG : Processing to L1a...
2020-12-02 15:32:14,539 : DEBUG : Reading raw data...
2020-12-02 15:32:14,541 : INFO : Spectrum Type Info : VIS Irr 
2020-12-02 15:32:14,541 : DEBUG : {'Total Dataset Length': 4131, 'Spectrum Type Information': 136, 'acquisition_time': 392217, 'integration_time': 512, 'temperature': 30.164941787719727, 'Pixel Count': 2048, 'acceleration_x_mean': 15786, 'acceleration_x_std': 50, 'acceleration_y_mean': -372, 'acceleration_y_std': 51, 'acceleration_z_mean': 29, 'acceleration_z_std': 85}
2020-12-02 15:32:14,541 : INFO : Visible spectra, pixel count [0.00000000e+00 1.00048852e+00 2.00097704e+00 ... 2.04599902e+03
 2.04699951e+03 2.04800000e+03]
2020-12-02 15:32:14,557 : INFO : Spectrum Type Info : VIS Irr 
2020-12-02 15:32:14,557 : INFO : Reading Data spectra ...
2020-12-02 15:32:14,558 : INFO : Reading CRC32 ...
2020-12-02 15:32:14,564 : INFO : Spectrum Type Info : VIS Irr 
2020-12-02 15:32:14,564 : INFO : Reading Data spectra ...
2020-12-02 15:32:14,565 : INFO : Reading CRC32 ...
2020-12-02 15:32:14,571 : INFO : Spectrum Type Info : VIS Irr 
2020-12-02 15:32:14,571 : INFO : Reading Data spectra ...
2020-12-02 15:32:14,571 : INFO : Reading CRC32 ...
2020-12-02 15:32:14,579 : INFO : Spectrum Type Info : VIS Irr 
2020-12-02 15:32:14,579 : INFO : Reading Data spectra ...
2020-12-02 15:32:14,580 : INFO : Reading CRC32 ...
2020-12-02 15:32:14,585 : INFO : Spectrum Type Info : VIS Irr 
2020-12-02 15:32:14,586 : INFO : Reading Data spectra ...
2020-12-02 15:32:14,586 : INFO : Reading CRC32 ...
2020-12-02 15:32:14,592 : INFO : Spectrum Type Info : VIS Irr 
2020-12-02 15:32:14,593 : INFO : Reading Data spectra ...
2020-12-02 15:32:14,593 : INFO : Reading CRC32 ...
2020-12-02 15:32:14,645 : INFO : Spectrum Type Info : VIS Rad 
2020-12-02 15:32:14,645 : DEBUG : {'Total Dataset Length': 4131, 'Spectrum Type Information': 144, 'acquisition_time': 240962, 'integration_time': 1024, 'temperature': 30.027982711791992, 'Pixel Count': 2048, 'acceleration_x_mean': -12550, 'acceleration_x_std': 46, 'acceleration_y_mean': 623, 'acceleration_y_std': 45, 'acceleration_z_mean': 10175, 'acceleration_z_std': 66}
2020-12-02 15:32:14,646 : INFO : Visible spectra, pixel count [0.00000000e+00 1.00048852e+00 2.00097704e+00 ... 2.04599902e+03
 2.04699951e+03 2.04800000e+03]
2020-12-02 15:32:14,663 : INFO : Spectrum Type Info : VIS Rad 
2020-12-02 15:32:14,663 : INFO : Reading Data spectra ...
2020-12-02 15:32:14,664 : INFO : Reading CRC32 ...
2020-12-02 15:32:14,669 : INFO : Spectrum Type Info : VIS Rad 
2020-12-02 15:32:14,670 : INFO : Reading Data spectra ...
2020-12-02 15:32:14,671 : INFO : Reading CRC32 ...
2020-12-02 15:32:14,677 : INFO : Spectrum Type Info : VIS Rad 
2020-12-02 15:32:14,677 : INFO : Reading Data spectra ...
2020-12-02 15:32:14,679 : INFO : Reading CRC32 ...
2020-12-02 15:32:14,684 : ERROR : Spectra length not similar to header length
2020-12-02 15:32:14,684 : ERROR : Data corrupt go to next line
2020-12-02 15:32:14,684 : INFO : Spectrum Type Info : VIS Rad 
2020-12-02 15:32:14,684 : INFO : Reading Data spectra ...
2020-12-02 15:32:14,685 : INFO : Reading CRC32 ...
2020-12-02 15:32:14,692 : INFO : Spectrum Type Info : VIS Rad 
2020-12-02 15:32:14,692 : INFO : Reading Data spectra ...
2020-12-02 15:32:14,693 : INFO : Reading CRC32 ...
2020-12-02 15:32:14,699 : INFO : Spectrum Type Info : VIS Rad 
2020-12-02 15:32:14,699 : INFO : Reading Data spectra ...
2020-12-02 15:32:14,700 : INFO : Reading CRC32 ...
2020-12-02 15:32:14,705 : INFO : Spectrum Type Info : VIS Rad 
2020-12-02 15:32:14,705 : INFO : Reading Data spectra ...
2020-12-02 15:32:14,706 : INFO : Reading CRC32 ...
2020-12-02 15:32:14,713 : INFO : Spectrum Type Info : VIS Rad 
2020-12-02 15:32:14,713 : INFO : Reading Data spectra ...
2020-12-02 15:32:14,714 : INFO : Reading CRC32 ...
2020-12-02 15:32:14,719 : INFO : Spectrum Type Info : VIS Rad 
2020-12-02 15:32:14,719 : INFO : Reading Data spectra ...
2020-12-02 15:32:14,720 : INFO : Reading CRC32 ...
2020-12-02 15:32:14,726 : INFO : Spectrum Type Info : VIS Rad 
2020-12-02 15:32:14,726 : INFO : Reading Data spectra ...
2020-12-02 15:32:14,726 : INFO : Reading CRC32 ...
2020-12-02 15:32:14,734 : INFO : Spectrum Type Info : VIS Rad 
2020-12-02 15:32:14,734 : INFO : Reading Data spectra ...
2020-12-02 15:32:14,735 : INFO : Reading CRC32 ...
2020-12-02 15:32:14,742 : INFO : Spectrum Type Info : VIS Rad 
2020-12-02 15:32:14,742 : INFO : Reading Data spectra ...
2020-12-02 15:32:14,743 : INFO : Reading CRC32 ...
2020-12-02 15:32:14,749 : ERROR : Spectra length not similar to header length
2020-12-02 15:32:14,749 : ERROR : Data corrupt go to next line
2020-12-02 15:32:14,786 : INFO : Spectrum Type Info : VIS Dark 
2020-12-02 15:32:14,786 : DEBUG : {'Total Dataset Length': 4131, 'Spectrum Type Information': 128, 'acquisition_time': 179650, 'integration_time': 64, 'temperature': 29.936798095703125, 'Pixel Count': 2048, 'acceleration_x_mean': 11967, 'acceleration_x_std': 81, 'acceleration_y_mean': 650, 'acceleration_y_std': 26, 'acceleration_z_mean': 10124, 'acceleration_z_std': 63}
2020-12-02 15:32:14,787 : INFO : Visible spectra, pixel count [0.00000000e+00 1.00048852e+00 2.00097704e+00 ... 2.04599902e+03
 2.04699951e+03 2.04800000e+03]
2020-12-02 15:32:14,808 : INFO : Spectrum Type Info : VIS Dark 
2020-12-02 15:32:14,808 : INFO : Reading Data spectra ...
2020-12-02 15:32:14,809 : INFO : Reading CRC32 ...
2020-12-02 15:32:14,819 : INFO : Spectrum Type Info : VIS Dark 
2020-12-02 15:32:14,819 : INFO : Reading Data spectra ...
2020-12-02 15:32:14,820 : INFO : Reading CRC32 ...
2020-12-02 15:32:14,827 : INFO : Spectrum Type Info : VIS Dark 
2020-12-02 15:32:14,827 : INFO : Reading Data spectra ...
2020-12-02 15:32:14,828 : INFO : Reading CRC32 ...
2020-12-02 15:32:14,836 : INFO : Spectrum Type Info : VIS Dark 
2020-12-02 15:32:14,836 : INFO : Reading Data spectra ...
2020-12-02 15:32:14,837 : INFO : Reading CRC32 ...
2020-12-02 15:32:14,843 : INFO : Spectrum Type Info : VIS Dark 
2020-12-02 15:32:14,843 : INFO : Reading Data spectra ...
2020-12-02 15:32:14,844 : INFO : Reading CRC32 ...
2020-12-02 15:32:14,849 : INFO : Spectrum Type Info : VIS Dark 
2020-12-02 15:32:14,849 : INFO : Reading Data spectra ...
2020-12-02 15:32:14,850 : INFO : Reading CRC32 ...
2020-12-02 15:32:14,857 : INFO : Spectrum Type Info : VIS Dark 
2020-12-02 15:32:14,857 : INFO : Reading Data spectra ...
2020-12-02 15:32:14,858 : INFO : Reading CRC32 ...
2020-12-02 15:32:14,864 : INFO : Spectrum Type Info : VIS Dark 
2020-12-02 15:32:14,864 : INFO : Reading Data spectra ...
2020-12-02 15:32:14,865 : INFO : Reading CRC32 ...
2020-12-02 15:32:14,870 : INFO : Spectrum Type Info : VIS Dark 
2020-12-02 15:32:14,871 : INFO : Reading Data spectra ...
2020-12-02 15:32:14,871 : INFO : Reading CRC32 ...
2020-12-02 15:32:14,878 : INFO : Spectrum Type Info : VIS Dark 
2020-12-02 15:32:14,878 : INFO : Reading Data spectra ...
2020-12-02 15:32:14,879 : INFO : Reading CRC32 ...
2020-12-02 15:32:14,884 : INFO : Spectrum Type Info : VIS Dark 
2020-12-02 15:32:14,884 : INFO : Reading Data spectra ...
2020-12-02 15:32:14,885 : INFO : Reading CRC32 ...
2020-12-02 15:32:14,891 : INFO : Spectrum Type Info : VIS Dark 
2020-12-02 15:32:14,891 : INFO : Reading Data spectra ...
2020-12-02 15:32:14,892 : INFO : Reading CRC32 ...
2020-12-02 15:32:14,898 : INFO : Spectrum Type Info : VIS Dark 
2020-12-02 15:32:14,898 : INFO : Reading Data spectra ...
2020-12-02 15:32:14,899 : INFO : Reading CRC32 ...
2020-12-02 15:32:14,904 : INFO : Spectrum Type Info : VIS Dark 
2020-12-02 15:32:14,904 : INFO : Reading Data spectra ...
2020-12-02 15:32:14,905 : INFO : Reading CRC32 ...
2020-12-02 15:32:14,910 : INFO : Spectrum Type Info : VIS Dark 
2020-12-02 15:32:14,911 : INFO : Reading Data spectra ...
2020-12-02 15:32:14,911 : INFO : Reading CRC32 ...
2020-12-02 15:32:14,953 : ERROR : No pictures for this sequence
2020-12-02 15:32:14,953 : DEBUG : Done
2020-12-02 15:32:14,954 : DEBUG : Processing to L1a...
2020-12-02 15:32:39,822 : DEBUG : Done
2020-12-02 15:32:39,822 : DEBUG : Processing to L1b...
2020-12-02 15:32:40,372 : DEBUG : WaterNetworkProtocol
2020-12-02 15:32:40,385 : DEBUG : 1605624372
2020-12-02 15:32:40,394 : DEBUG : 1605624372
2020-12-02 15:32:40,395 : DEBUG : 1605624372
2020-12-02 15:32:40,397 : DEBUG : 1605624372
2020-12-02 15:32:40,398 : DEBUG : 1605624372
2020-12-02 15:32:40,400 : DEBUG : 1605624372
2020-12-02 15:45:07,394 : INFO : Processing sequence: /home/cgoyens/OneDrive/BackUpThinkpadClem/Projects/HYPERNETS/NetworkDesign_D52/DataProcChain/Test_sequences/data_17112020/SEQ20201117T144353
2020-12-02 15:45:08,059 : DEBUG : Processing to L1a...
2020-12-02 15:45:08,059 : DEBUG : Reading raw data...
2020-12-02 15:45:08,062 : INFO : Spectrum Type Info : VIS Irr 
2020-12-02 15:45:08,062 : DEBUG : {'Total Dataset Length': 4131, 'Spectrum Type Information': 136, 'acquisition_time': 392217, 'integration_time': 512, 'temperature': 30.164941787719727, 'Pixel Count': 2048, 'acceleration_x_mean': 15786, 'acceleration_x_std': 50, 'acceleration_y_mean': -372, 'acceleration_y_std': 51, 'acceleration_z_mean': 29, 'acceleration_z_std': 85}
2020-12-02 15:45:08,062 : INFO : Visible spectra, pixel count [0.00000000e+00 1.00048852e+00 2.00097704e+00 ... 2.04599902e+03
 2.04699951e+03 2.04800000e+03]
2020-12-02 15:45:08,080 : INFO : Spectrum Type Info : VIS Irr 
2020-12-02 15:45:08,081 : INFO : Reading Data spectra ...
2020-12-02 15:45:08,081 : INFO : Reading CRC32 ...
2020-12-02 15:45:08,087 : INFO : Spectrum Type Info : VIS Irr 
2020-12-02 15:45:08,087 : INFO : Reading Data spectra ...
2020-12-02 15:45:08,088 : INFO : Reading CRC32 ...
2020-12-02 15:45:08,093 : INFO : Spectrum Type Info : VIS Irr 
2020-12-02 15:45:08,093 : INFO : Reading Data spectra ...
2020-12-02 15:45:08,095 : INFO : Reading CRC32 ...
2020-12-02 15:45:08,105 : INFO : Spectrum Type Info : VIS Irr 
2020-12-02 15:45:08,105 : INFO : Reading Data spectra ...
2020-12-02 15:45:08,105 : INFO : Reading CRC32 ...
2020-12-02 15:45:08,111 : INFO : Spectrum Type Info : VIS Irr 
2020-12-02 15:45:08,111 : INFO : Reading Data spectra ...
2020-12-02 15:45:08,111 : INFO : Reading CRC32 ...
2020-12-02 15:45:08,120 : INFO : Spectrum Type Info : VIS Irr 
2020-12-02 15:45:08,120 : INFO : Reading Data spectra ...
2020-12-02 15:45:08,121 : INFO : Reading CRC32 ...
2020-12-02 15:45:08,178 : INFO : Spectrum Type Info : VIS Rad 
2020-12-02 15:45:08,178 : DEBUG : {'Total Dataset Length': 4131, 'Spectrum Type Information': 144, 'acquisition_time': 240962, 'integration_time': 1024, 'temperature': 30.027982711791992, 'Pixel Count': 2048, 'acceleration_x_mean': -12550, 'acceleration_x_std': 46, 'acceleration_y_mean': 623, 'acceleration_y_std': 45, 'acceleration_z_mean': 10175, 'acceleration_z_std': 66}
2020-12-02 15:45:08,178 : INFO : Visible spectra, pixel count [0.00000000e+00 1.00048852e+00 2.00097704e+00 ... 2.04599902e+03
 2.04699951e+03 2.04800000e+03]
2020-12-02 15:45:08,192 : INFO : Spectrum Type Info : VIS Rad 
2020-12-02 15:45:08,192 : INFO : Reading Data spectra ...
2020-12-02 15:45:08,193 : INFO : Reading CRC32 ...
2020-12-02 15:45:08,202 : INFO : Spectrum Type Info : VIS Rad 
2020-12-02 15:45:08,202 : INFO : Reading Data spectra ...
2020-12-02 15:45:08,203 : INFO : Reading CRC32 ...
2020-12-02 15:45:08,208 : INFO : Spectrum Type Info : VIS Rad 
2020-12-02 15:45:08,208 : INFO : Reading Data spectra ...
2020-12-02 15:45:08,208 : INFO : Reading CRC32 ...
2020-12-02 15:45:08,215 : ERROR : Spectra length not similar to header length
2020-12-02 15:45:08,215 : ERROR : Data corrupt go to next line
2020-12-02 15:45:08,216 : INFO : Spectrum Type Info : VIS Rad 
2020-12-02 15:45:08,216 : INFO : Reading Data spectra ...
2020-12-02 15:45:08,217 : INFO : Reading CRC32 ...
2020-12-02 15:45:08,223 : INFO : Spectrum Type Info : VIS Rad 
2020-12-02 15:45:08,223 : INFO : Reading Data spectra ...
2020-12-02 15:45:08,224 : INFO : Reading CRC32 ...
2020-12-02 15:45:08,230 : INFO : Spectrum Type Info : VIS Rad 
2020-12-02 15:45:08,230 : INFO : Reading Data spectra ...
2020-12-02 15:45:08,231 : INFO : Reading CRC32 ...
2020-12-02 15:45:08,238 : INFO : Spectrum Type Info : VIS Rad 
2020-12-02 15:45:08,238 : INFO : Reading Data spectra ...
2020-12-02 15:45:08,239 : INFO : Reading CRC32 ...
2020-12-02 15:45:08,245 : INFO : Spectrum Type Info : VIS Rad 
2020-12-02 15:45:08,245 : INFO : Reading Data spectra ...
2020-12-02 15:45:08,246 : INFO : Reading CRC32 ...
2020-12-02 15:45:08,252 : INFO : Spectrum Type Info : VIS Rad 
2020-12-02 15:45:08,252 : INFO : Reading Data spectra ...
2020-12-02 15:45:08,253 : INFO : Reading CRC32 ...
2020-12-02 15:45:08,261 : INFO : Spectrum Type Info : VIS Rad 
2020-12-02 15:45:08,261 : INFO : Reading Data spectra ...
2020-12-02 15:45:08,262 : INFO : Reading CRC32 ...
2020-12-02 15:45:08,267 : INFO : Spectrum Type Info : VIS Rad 
2020-12-02 15:45:08,267 : INFO : Reading Data spectra ...
2020-12-02 15:45:08,268 : INFO : Reading CRC32 ...
2020-12-02 15:45:08,274 : INFO : Spectrum Type Info : VIS Rad 
2020-12-02 15:45:08,274 : INFO : Reading Data spectra ...
2020-12-02 15:45:08,275 : INFO : Reading CRC32 ...
2020-12-02 15:45:08,283 : ERROR : Spectra length not similar to header length
2020-12-02 15:45:08,283 : ERROR : Data corrupt go to next line
2020-12-02 15:45:08,316 : INFO : Spectrum Type Info : VIS Dark 
2020-12-02 15:45:08,317 : DEBUG : {'Total Dataset Length': 4131, 'Spectrum Type Information': 128, 'acquisition_time': 179650, 'integration_time': 64, 'temperature': 29.936798095703125, 'Pixel Count': 2048, 'acceleration_x_mean': 11967, 'acceleration_x_std': 81, 'acceleration_y_mean': 650, 'acceleration_y_std': 26, 'acceleration_z_mean': 10124, 'acceleration_z_std': 63}
2020-12-02 15:45:08,317 : INFO : Visible spectra, pixel count [0.00000000e+00 1.00048852e+00 2.00097704e+00 ... 2.04599902e+03
 2.04699951e+03 2.04800000e+03]
2020-12-02 15:45:08,332 : INFO : Spectrum Type Info : VIS Dark 
2020-12-02 15:45:08,332 : INFO : Reading Data spectra ...
2020-12-02 15:45:08,333 : INFO : Reading CRC32 ...
2020-12-02 15:45:08,341 : INFO : Spectrum Type Info : VIS Dark 
2020-12-02 15:45:08,341 : INFO : Reading Data spectra ...
2020-12-02 15:45:08,342 : INFO : Reading CRC32 ...
2020-12-02 15:45:08,348 : INFO : Spectrum Type Info : VIS Dark 
2020-12-02 15:45:08,348 : INFO : Reading Data spectra ...
2020-12-02 15:45:08,349 : INFO : Reading CRC32 ...
2020-12-02 15:45:08,354 : INFO : Spectrum Type Info : VIS Dark 
2020-12-02 15:45:08,354 : INFO : Reading Data spectra ...
2020-12-02 15:45:08,356 : INFO : Reading CRC32 ...
2020-12-02 15:45:08,363 : INFO : Spectrum Type Info : VIS Dark 
2020-12-02 15:45:08,364 : INFO : Reading Data spectra ...
2020-12-02 15:45:08,364 : INFO : Reading CRC32 ...
2020-12-02 15:45:08,370 : INFO : Spectrum Type Info : VIS Dark 
2020-12-02 15:45:08,370 : INFO : Reading Data spectra ...
2020-12-02 15:45:08,371 : INFO : Reading CRC32 ...
2020-12-02 15:45:08,377 : INFO : Spectrum Type Info : VIS Dark 
2020-12-02 15:45:08,378 : INFO : Reading Data spectra ...
2020-12-02 15:45:08,378 : INFO : Reading CRC32 ...
2020-12-02 15:45:08,385 : INFO : Spectrum Type Info : VIS Dark 
2020-12-02 15:45:08,386 : INFO : Reading Data spectra ...
2020-12-02 15:45:08,386 : INFO : Reading CRC32 ...
2020-12-02 15:45:08,392 : INFO : Spectrum Type Info : VIS Dark 
2020-12-02 15:45:08,392 : INFO : Reading Data spectra ...
2020-12-02 15:45:08,393 : INFO : Reading CRC32 ...
2020-12-02 15:45:08,401 : INFO : Spectrum Type Info : VIS Dark 
2020-12-02 15:45:08,401 : INFO : Reading Data spectra ...
2020-12-02 15:45:08,402 : INFO : Reading CRC32 ...
2020-12-02 15:45:08,408 : INFO : Spectrum Type Info : VIS Dark 
2020-12-02 15:45:08,408 : INFO : Reading Data spectra ...
2020-12-02 15:45:08,409 : INFO : Reading CRC32 ...
2020-12-02 15:45:08,415 : INFO : Spectrum Type Info : VIS Dark 
2020-12-02 15:45:08,415 : INFO : Reading Data spectra ...
2020-12-02 15:45:08,416 : INFO : Reading CRC32 ...
2020-12-02 15:45:08,421 : INFO : Spectrum Type Info : VIS Dark 
2020-12-02 15:45:08,422 : INFO : Reading Data spectra ...
2020-12-02 15:45:08,422 : INFO : Reading CRC32 ...
2020-12-02 15:45:08,428 : INFO : Spectrum Type Info : VIS Dark 
2020-12-02 15:45:08,428 : INFO : Reading Data spectra ...
2020-12-02 15:45:08,429 : INFO : Reading CRC32 ...
2020-12-02 15:45:08,434 : INFO : Spectrum Type Info : VIS Dark 
2020-12-02 15:45:08,435 : INFO : Reading Data spectra ...
2020-12-02 15:45:08,435 : INFO : Reading CRC32 ...
2020-12-02 15:45:08,477 : ERROR : No pictures for this sequence
2020-12-02 15:45:08,477 : DEBUG : Done
2020-12-02 15:45:08,477 : DEBUG : Processing to L1a...
2020-12-02 15:45:31,499 : DEBUG : Done
2020-12-02 15:45:31,499 : DEBUG : Processing to L1b...
2020-12-02 15:45:32,022 : DEBUG : WaterNetworkProtocol
2020-12-02 15:45:32,033 : DEBUG : 1605624372
2020-12-02 15:45:32,034 : DEBUG : 1605624372
2020-12-02 15:45:32,035 : DEBUG : 1605624372
2020-12-02 15:45:32,035 : DEBUG : 1605624372
2020-12-02 15:45:32,037 : DEBUG : 1605624372
2020-12-02 15:45:32,038 : DEBUG : 1605624372
2020-12-02 15:45:32,440 : INFO : interpolate sky radiance
2020-12-02 15:45:49,147 : INFO : interpolate irradiances
2020-12-02 15:46:12,683 : DEBUG : Done
2020-12-02 15:46:12,691 : DEBUG : Processing to L1c...
2020-12-02 15:46:12,826 : INFO : Default wind speed 2.0
2020-12-02 15:46:12,873 : INFO : Default wind speed 2.0
2020-12-02 15:46:12,920 : INFO : Default wind speed 2.0
2020-12-02 15:46:12,965 : INFO : Default wind speed 2.0
2020-12-02 15:46:13,011 : INFO : Default wind speed 2.0
2020-12-02 15:46:13,057 : INFO : Default wind speed 2.0
2020-12-02 15:46:13,060 : INFO : Apply Ruddick et al., 2006
2020-12-02 15:46:13,060 : INFO : Apply Ruddick et al., 2006
2020-12-02 15:46:13,061 : INFO : Apply Ruddick et al., 2006
2020-12-02 15:46:13,062 : INFO : Apply Ruddick et al., 2006
2020-12-02 15:46:13,062 : INFO : Apply Ruddick et al., 2006
2020-12-02 15:46:13,063 : INFO : Apply Ruddick et al., 2006
2020-12-02 15:46:15,353 : DEBUG : Done
2020-12-02 15:46:15,353 : DEBUG : Processing to L1d...
2020-12-02 15:47:19,568 : DEBUG : Done
2020-12-02 15:47:19,571 : DEBUG : Processing to L2a...
2020-12-02 15:47:30,954 : DEBUG : Done
2020-12-02 15:47:30,954 : INFO : All Done
2020-12-02 16:07:13,513 : INFO : Processing sequence: /home/cgoyens/OneDrive/BackUpThinkpadClem/Projects/HYPERNETS/NetworkDesign_D52/DataProcChain/Test_sequences/data_17112020/SEQ20201117T145040
2020-12-02 16:07:14,194 : DEBUG : Processing to L1a...
2020-12-02 16:07:14,194 : DEBUG : Reading raw data...
2020-12-02 16:08:00,671 : INFO : Processing sequence: /home/cgoyens/OneDrive/BackUpThinkpadClem/Projects/HYPERNETS/NetworkDesign_D52/DataProcChain/Test_sequences/data_17112020/SEQ20201117T145040
2020-12-02 16:08:01,197 : DEBUG : Processing to L1a...
2020-12-02 16:08:01,197 : DEBUG : Reading raw data...
2020-12-02 16:08:01,202 : INFO : Spectrum Type Info : VIS Irr 
2020-12-02 16:08:01,202 : DEBUG : {'Total Dataset Length': 4131, 'Spectrum Type Information': 136, 'acquisition_time': 857374, 'integration_time': 512, 'temperature': 30.073612213134766, 'Pixel Count': 2048, 'acceleration_x_mean': 15765, 'acceleration_x_std': 238, 'acceleration_y_mean': -349, 'acceleration_y_std': 78, 'acceleration_z_mean': 32, 'acceleration_z_std': 199}
2020-12-02 16:08:01,204 : INFO : Visible spectra, pixel count [0.00000000e+00 1.00048852e+00 2.00097704e+00 ... 2.04599902e+03
 2.04699951e+03 2.04800000e+03]
2020-12-02 16:08:01,230 : INFO : Spectrum Type Info : VIS Irr 
2020-12-02 16:08:01,231 : INFO : Reading Data spectra ...
2020-12-02 16:08:01,232 : INFO : Reading CRC32 ...
2020-12-02 16:08:01,239 : INFO : Spectrum Type Info : VIS Irr 
2020-12-02 16:08:01,239 : INFO : Reading Data spectra ...
2020-12-02 16:08:01,239 : INFO : Reading CRC32 ...
2020-12-02 16:08:01,245 : INFO : Spectrum Type Info : VIS Irr 
2020-12-02 16:08:01,245 : INFO : Reading Data spectra ...
2020-12-02 16:08:01,246 : INFO : Reading CRC32 ...
2020-12-02 16:08:01,256 : INFO : Spectrum Type Info : VIS Irr 
2020-12-02 16:08:01,257 : INFO : Reading Data spectra ...
2020-12-02 16:08:01,257 : INFO : Reading CRC32 ...
2020-12-02 16:08:01,264 : INFO : Spectrum Type Info : VIS Irr 
2020-12-02 16:08:01,264 : INFO : Reading Data spectra ...
2020-12-02 16:08:01,265 : INFO : Reading CRC32 ...
2020-12-02 16:08:01,271 : INFO : Spectrum Type Info : VIS Irr 
2020-12-02 16:08:01,272 : INFO : Reading Data spectra ...
2020-12-02 16:08:01,273 : INFO : Reading CRC32 ...
2020-12-02 16:08:01,344 : INFO : Spectrum Type Info : VIS Rad 
2020-12-02 16:08:01,344 : DEBUG : {'Total Dataset Length': 4131, 'Spectrum Type Information': 144, 'acquisition_time': 709823, 'integration_time': 1024, 'temperature': 30.050796508789062, 'Pixel Count': 2048, 'acceleration_x_mean': -12549, 'acceleration_x_std': 71, 'acceleration_y_mean': 612, 'acceleration_y_std': 75, 'acceleration_z_mean': 10169, 'acceleration_z_std': 84}
2020-12-02 16:08:01,344 : INFO : Visible spectra, pixel count [0.00000000e+00 1.00048852e+00 2.00097704e+00 ... 2.04599902e+03
 2.04699951e+03 2.04800000e+03]
2020-12-02 16:08:01,360 : INFO : Spectrum Type Info : VIS Rad 
2020-12-02 16:08:01,360 : INFO : Reading Data spectra ...
2020-12-02 16:08:01,361 : INFO : Reading CRC32 ...
2020-12-02 16:08:01,366 : INFO : Spectrum Type Info : VIS Rad 
2020-12-02 16:08:01,367 : INFO : Reading Data spectra ...
2020-12-02 16:08:01,368 : INFO : Reading CRC32 ...
2020-12-02 16:08:01,375 : INFO : Spectrum Type Info : VIS Rad 
2020-12-02 16:08:01,375 : INFO : Reading Data spectra ...
2020-12-02 16:08:01,376 : INFO : Reading CRC32 ...
2020-12-02 16:08:01,382 : ERROR : Spectra length not similar to header length
2020-12-02 16:08:01,382 : ERROR : Data corrupt go to next line
2020-12-02 16:08:01,383 : INFO : Spectrum Type Info : VIS Rad 
2020-12-02 16:08:01,383 : INFO : Reading Data spectra ...
2020-12-02 16:08:01,383 : INFO : Reading CRC32 ...
2020-12-02 16:08:01,391 : INFO : Spectrum Type Info : VIS Rad 
2020-12-02 16:08:01,391 : INFO : Reading Data spectra ...
2020-12-02 16:08:01,391 : INFO : Reading CRC32 ...
2020-12-02 16:08:01,397 : INFO : Spectrum Type Info : VIS Rad 
2020-12-02 16:08:01,398 : INFO : Reading Data spectra ...
2020-12-02 16:08:01,399 : INFO : Reading CRC32 ...
2020-12-02 16:08:01,404 : INFO : Spectrum Type Info : VIS Rad 
2020-12-02 16:08:01,405 : INFO : Reading Data spectra ...
2020-12-02 16:08:01,406 : INFO : Reading CRC32 ...
2020-12-02 16:08:01,413 : INFO : Spectrum Type Info : VIS Rad 
2020-12-02 16:08:01,413 : INFO : Reading Data spectra ...
2020-12-02 16:08:01,414 : INFO : Reading CRC32 ...
2020-12-02 16:08:01,420 : INFO : Spectrum Type Info : VIS Rad 
2020-12-02 16:08:01,420 : INFO : Reading Data spectra ...
2020-12-02 16:08:01,422 : INFO : Reading CRC32 ...
2020-12-02 16:08:01,428 : INFO : Spectrum Type Info : VIS Rad 
2020-12-02 16:08:01,428 : INFO : Reading Data spectra ...
2020-12-02 16:08:01,429 : INFO : Reading CRC32 ...
2020-12-02 16:08:01,434 : INFO : Spectrum Type Info : VIS Rad 
2020-12-02 16:08:01,434 : INFO : Reading Data spectra ...
2020-12-02 16:08:01,435 : INFO : Reading CRC32 ...
2020-12-02 16:08:01,441 : INFO : Spectrum Type Info : VIS Rad 
2020-12-02 16:08:01,441 : INFO : Reading Data spectra ...
2020-12-02 16:08:01,442 : INFO : Reading CRC32 ...
2020-12-02 16:08:01,447 : ERROR : Spectra length not similar to header length
2020-12-02 16:08:01,447 : ERROR : Data corrupt go to next line
2020-12-02 16:08:01,482 : INFO : Spectrum Type Info : VIS Dark 
2020-12-02 16:08:01,482 : DEBUG : {'Total Dataset Length': 4131, 'Spectrum Type Information': 128, 'acquisition_time': 652611, 'integration_time': 64, 'temperature': 30.073612213134766, 'Pixel Count': 2048, 'acceleration_x_mean': 11894, 'acceleration_x_std': 164, 'acceleration_y_mean': 812, 'acceleration_y_std': 231, 'acceleration_z_mean': 10111, 'acceleration_z_std': 253}
2020-12-02 16:08:01,482 : INFO : Visible spectra, pixel count [0.00000000e+00 1.00048852e+00 2.00097704e+00 ... 2.04599902e+03
 2.04699951e+03 2.04800000e+03]
2020-12-02 16:08:01,502 : INFO : Spectrum Type Info : VIS Dark 
2020-12-02 16:08:01,502 : INFO : Reading Data spectra ...
2020-12-02 16:08:01,503 : INFO : Reading CRC32 ...
2020-12-02 16:08:01,509 : INFO : Spectrum Type Info : VIS Dark 
2020-12-02 16:08:01,509 : INFO : Reading Data spectra ...
2020-12-02 16:08:01,510 : INFO : Reading CRC32 ...
2020-12-02 16:08:01,515 : INFO : Spectrum Type Info : VIS Dark 
2020-12-02 16:08:01,515 : INFO : Reading Data spectra ...
2020-12-02 16:08:01,516 : INFO : Reading CRC32 ...
2020-12-02 16:08:01,522 : INFO : Spectrum Type Info : VIS Dark 
2020-12-02 16:08:01,522 : INFO : Reading Data spectra ...
2020-12-02 16:08:01,523 : INFO : Reading CRC32 ...
2020-12-02 16:08:01,530 : INFO : Spectrum Type Info : VIS Dark 
2020-12-02 16:08:01,530 : INFO : Reading Data spectra ...
2020-12-02 16:08:01,532 : INFO : Reading CRC32 ...
2020-12-02 16:08:01,539 : INFO : Spectrum Type Info : VIS Dark 
2020-12-02 16:08:01,540 : INFO : Reading Data spectra ...
2020-12-02 16:08:01,541 : INFO : Reading CRC32 ...
2020-12-02 16:08:01,547 : INFO : Spectrum Type Info : VIS Dark 
2020-12-02 16:08:01,547 : INFO : Reading Data spectra ...
2020-12-02 16:08:01,547 : INFO : Reading CRC32 ...
2020-12-02 16:08:01,555 : INFO : Spectrum Type Info : VIS Dark 
2020-12-02 16:08:01,555 : INFO : Reading Data spectra ...
2020-12-02 16:08:01,556 : INFO : Reading CRC32 ...
2020-12-02 16:08:01,562 : INFO : Spectrum Type Info : VIS Dark 
2020-12-02 16:08:01,562 : INFO : Reading Data spectra ...
2020-12-02 16:08:01,563 : INFO : Reading CRC32 ...
2020-12-02 16:08:01,570 : INFO : Spectrum Type Info : VIS Dark 
2020-12-02 16:08:01,570 : INFO : Reading Data spectra ...
2020-12-02 16:08:01,571 : INFO : Reading CRC32 ...
2020-12-02 16:08:01,578 : INFO : Spectrum Type Info : VIS Dark 
2020-12-02 16:08:01,578 : INFO : Reading Data spectra ...
2020-12-02 16:08:01,579 : INFO : Reading CRC32 ...
2020-12-02 16:08:01,584 : INFO : Spectrum Type Info : VIS Dark 
2020-12-02 16:08:01,584 : INFO : Reading Data spectra ...
2020-12-02 16:08:01,585 : INFO : Reading CRC32 ...
2020-12-02 16:08:01,593 : INFO : Spectrum Type Info : VIS Dark 
2020-12-02 16:08:01,593 : INFO : Reading Data spectra ...
2020-12-02 16:08:01,593 : INFO : Reading CRC32 ...
2020-12-02 16:08:01,600 : INFO : Spectrum Type Info : VIS Dark 
2020-12-02 16:08:01,600 : INFO : Reading Data spectra ...
2020-12-02 16:08:01,600 : INFO : Reading CRC32 ...
2020-12-02 16:08:01,606 : INFO : Spectrum Type Info : VIS Dark 
2020-12-02 16:08:01,606 : INFO : Reading Data spectra ...
2020-12-02 16:08:01,607 : INFO : Reading CRC32 ...
2020-12-02 16:08:01,649 : ERROR : No pictures for this sequence
2020-12-02 16:08:01,650 : DEBUG : Done
2020-12-02 16:08:01,650 : DEBUG : Processing to L1a...
2020-12-02 16:08:24,198 : DEBUG : Done
2020-12-02 16:08:24,199 : DEBUG : Processing to L1b...
2020-12-02 16:08:24,718 : DEBUG : WaterNetworkProtocol
2020-12-02 16:08:24,729 : DEBUG : 1605624841
2020-12-02 16:08:24,732 : DEBUG : 1605624841
2020-12-02 16:08:24,733 : DEBUG : 1605624841
2020-12-02 16:08:24,734 : DEBUG : 1605624841
2020-12-02 16:08:24,735 : DEBUG : 1605624841
2020-12-02 16:08:24,736 : DEBUG : 1605624841
2020-12-02 16:08:25,192 : INFO : interpolate sky radiance
2020-12-02 16:10:42,706 : INFO : interpolate irradiances
2020-12-02 16:11:05,146 : DEBUG : Done
2020-12-02 16:11:05,146 : DEBUG : Processing to L1c...
2020-12-02 16:11:05,216 : INFO : Default wind speed 2.0
2020-12-02 16:11:05,240 : INFO : Default wind speed 2.0
2020-12-02 16:11:05,264 : INFO : Default wind speed 2.0
2020-12-02 16:11:05,288 : INFO : Default wind speed 2.0
2020-12-02 16:11:05,312 : INFO : Default wind speed 2.0
2020-12-02 16:11:05,335 : INFO : Default wind speed 2.0
2020-12-02 16:11:05,337 : INFO : Apply Ruddick et al., 2006
2020-12-02 16:11:05,337 : INFO : Apply Ruddick et al., 2006
2020-12-02 16:11:05,337 : INFO : Apply Ruddick et al., 2006
2020-12-02 16:11:05,338 : INFO : Apply Ruddick et al., 2006
2020-12-02 16:11:05,338 : INFO : Apply Ruddick et al., 2006
2020-12-02 16:11:05,339 : INFO : Apply Ruddick et al., 2006
2020-12-02 16:11:07,018 : DEBUG : Done
2020-12-02 16:11:07,018 : DEBUG : Processing to L1d...
2020-12-02 16:12:00,056 : DEBUG : Done
2020-12-02 16:12:00,056 : DEBUG : Processing to L2a...
2020-12-02 16:12:09,673 : DEBUG : Done
2020-12-02 16:12:09,673 : INFO : All Done
2020-12-02 16:22:57,298 : INFO : Processing sequence: /home/cgoyens/OneDrive/BackUpThinkpadClem/Projects/HYPERNETS/NetworkDesign_D52/DataProcChain/Test_sequences/data_17112020/SEQ20201117T150010
2020-12-02 16:22:57,868 : DEBUG : Processing to L1a...
2020-12-02 16:22:57,868 : DEBUG : Reading raw data...
2020-12-02 16:22:57,871 : INFO : Spectrum Type Info : VIS Irr 
2020-12-02 16:22:57,871 : DEBUG : {'Total Dataset Length': 4131, 'Spectrum Type Information': 136, 'acquisition_time': 1431733, 'integration_time': 512, 'temperature': 30.096433639526367, 'Pixel Count': 2048, 'acceleration_x_mean': 15772, 'acceleration_x_std': 40, 'acceleration_y_mean': -403, 'acceleration_y_std': 44, 'acceleration_z_mean': 16, 'acceleration_z_std': 73}
2020-12-02 16:22:57,871 : INFO : Visible spectra, pixel count [0.00000000e+00 1.00048852e+00 2.00097704e+00 ... 2.04599902e+03
 2.04699951e+03 2.04800000e+03]
2020-12-02 16:22:57,887 : INFO : Spectrum Type Info : VIS Irr 
2020-12-02 16:22:57,887 : INFO : Reading Data spectra ...
2020-12-02 16:22:57,888 : INFO : Reading CRC32 ...
2020-12-02 16:22:57,895 : INFO : Spectrum Type Info : VIS Irr 
2020-12-02 16:22:57,895 : INFO : Reading Data spectra ...
2020-12-02 16:22:57,895 : INFO : Reading CRC32 ...
2020-12-02 16:22:57,902 : INFO : Spectrum Type Info : VIS Irr 
2020-12-02 16:22:57,902 : INFO : Reading Data spectra ...
2020-12-02 16:22:57,903 : INFO : Reading CRC32 ...
2020-12-02 16:22:57,909 : INFO : Spectrum Type Info : VIS Irr 
2020-12-02 16:22:57,909 : INFO : Reading Data spectra ...
2020-12-02 16:22:57,909 : INFO : Reading CRC32 ...
2020-12-02 16:22:57,915 : INFO : Spectrum Type Info : VIS Irr 
2020-12-02 16:22:57,915 : INFO : Reading Data spectra ...
2020-12-02 16:22:57,916 : INFO : Reading CRC32 ...
2020-12-02 16:22:57,921 : INFO : Spectrum Type Info : VIS Irr 
2020-12-02 16:22:57,921 : INFO : Reading Data spectra ...
2020-12-02 16:22:57,921 : INFO : Reading CRC32 ...
2020-12-02 16:22:57,966 : INFO : Spectrum Type Info : VIS Rad 
2020-12-02 16:22:57,966 : DEBUG : {'Total Dataset Length': 4131, 'Spectrum Type Information': 144, 'acquisition_time': 1285447, 'integration_time': 1024, 'temperature': 30.027982711791992, 'Pixel Count': 2048, 'acceleration_x_mean': -12546, 'acceleration_x_std': 55, 'acceleration_y_mean': 641, 'acceleration_y_std': 54, 'acceleration_z_mean': 10194, 'acceleration_z_std': 72}
2020-12-02 16:22:57,966 : INFO : Visible spectra, pixel count [0.00000000e+00 1.00048852e+00 2.00097704e+00 ... 2.04599902e+03
 2.04699951e+03 2.04800000e+03]
2020-12-02 16:22:57,979 : INFO : Spectrum Type Info : VIS Rad 
2020-12-02 16:22:57,979 : INFO : Reading Data spectra ...
2020-12-02 16:22:57,980 : INFO : Reading CRC32 ...
2020-12-02 16:22:57,986 : INFO : Spectrum Type Info : VIS Rad 
2020-12-02 16:22:57,986 : INFO : Reading Data spectra ...
2020-12-02 16:22:57,987 : INFO : Reading CRC32 ...
2020-12-02 16:22:57,993 : INFO : Spectrum Type Info : VIS Rad 
2020-12-02 16:22:57,994 : INFO : Reading Data spectra ...
2020-12-02 16:22:57,994 : INFO : Reading CRC32 ...
2020-12-02 16:22:58,000 : ERROR : Spectra length not similar to header length
2020-12-02 16:22:58,000 : ERROR : Data corrupt go to next line
2020-12-02 16:22:58,000 : INFO : Spectrum Type Info : VIS Rad 
2020-12-02 16:22:58,000 : INFO : Reading Data spectra ...
2020-12-02 16:22:58,002 : INFO : Reading CRC32 ...
2020-12-02 16:22:58,007 : INFO : Spectrum Type Info : VIS Rad 
2020-12-02 16:22:58,007 : INFO : Reading Data spectra ...
2020-12-02 16:22:58,008 : INFO : Reading CRC32 ...
2020-12-02 16:22:58,013 : INFO : Spectrum Type Info : VIS Rad 
2020-12-02 16:22:58,013 : INFO : Reading Data spectra ...
2020-12-02 16:22:58,014 : INFO : Reading CRC32 ...
2020-12-02 16:22:58,019 : INFO : Spectrum Type Info : VIS Rad 
2020-12-02 16:22:58,019 : INFO : Reading Data spectra ...
2020-12-02 16:22:58,020 : INFO : Reading CRC32 ...
2020-12-02 16:22:58,025 : INFO : Spectrum Type Info : VIS Rad 
2020-12-02 16:22:58,025 : INFO : Reading Data spectra ...
2020-12-02 16:22:58,026 : INFO : Reading CRC32 ...
2020-12-02 16:22:58,031 : INFO : Spectrum Type Info : VIS Rad 
2020-12-02 16:22:58,031 : INFO : Reading Data spectra ...
2020-12-02 16:22:58,032 : INFO : Reading CRC32 ...
2020-12-02 16:22:58,038 : INFO : Spectrum Type Info : VIS Rad 
2020-12-02 16:22:58,038 : INFO : Reading Data spectra ...
2020-12-02 16:22:58,038 : INFO : Reading CRC32 ...
2020-12-02 16:22:58,043 : INFO : Spectrum Type Info : VIS Rad 
2020-12-02 16:22:58,043 : INFO : Reading Data spectra ...
2020-12-02 16:22:58,044 : INFO : Reading CRC32 ...
2020-12-02 16:22:58,049 : INFO : Spectrum Type Info : VIS Rad 
2020-12-02 16:22:58,049 : INFO : Reading Data spectra ...
2020-12-02 16:22:58,050 : INFO : Reading CRC32 ...
2020-12-02 16:22:58,055 : ERROR : Spectra length not similar to header length
2020-12-02 16:22:58,055 : ERROR : Data corrupt go to next line
2020-12-02 16:22:58,086 : INFO : Spectrum Type Info : VIS Dark 
2020-12-02 16:22:58,086 : DEBUG : {'Total Dataset Length': 4131, 'Spectrum Type Information': 128, 'acquisition_time': 1222243, 'integration_time': 64, 'temperature': 30.027982711791992, 'Pixel Count': 2048, 'acceleration_x_mean': 12022, 'acceleration_x_std': 227, 'acceleration_y_mean': 662, 'acceleration_y_std': 224, 'acceleration_z_mean': 9994, 'acceleration_z_std': 247}
2020-12-02 16:22:58,086 : INFO : Visible spectra, pixel count [0.00000000e+00 1.00048852e+00 2.00097704e+00 ... 2.04599902e+03
 2.04699951e+03 2.04800000e+03]
2020-12-02 16:22:58,102 : INFO : Spectrum Type Info : VIS Dark 
2020-12-02 16:22:58,102 : INFO : Reading Data spectra ...
2020-12-02 16:22:58,103 : INFO : Reading CRC32 ...
2020-12-02 16:22:58,109 : INFO : Spectrum Type Info : VIS Dark 
2020-12-02 16:22:58,109 : INFO : Reading Data spectra ...
2020-12-02 16:22:58,110 : INFO : Reading CRC32 ...
2020-12-02 16:22:58,117 : INFO : Spectrum Type Info : VIS Dark 
2020-12-02 16:22:58,118 : INFO : Reading Data spectra ...
2020-12-02 16:22:58,118 : INFO : Reading CRC32 ...
2020-12-02 16:22:58,124 : INFO : Spectrum Type Info : VIS Dark 
2020-12-02 16:22:58,124 : INFO : Reading Data spectra ...
2020-12-02 16:22:58,125 : INFO : Reading CRC32 ...
2020-12-02 16:22:58,130 : INFO : Spectrum Type Info : VIS Dark 
2020-12-02 16:22:58,130 : INFO : Reading Data spectra ...
2020-12-02 16:22:58,131 : INFO : Reading CRC32 ...
2020-12-02 16:22:58,136 : INFO : Spectrum Type Info : VIS Dark 
2020-12-02 16:22:58,136 : INFO : Reading Data spectra ...
2020-12-02 16:22:58,137 : INFO : Reading CRC32 ...
2020-12-02 16:22:58,143 : INFO : Spectrum Type Info : VIS Dark 
2020-12-02 16:22:58,143 : INFO : Reading Data spectra ...
2020-12-02 16:22:58,144 : INFO : Reading CRC32 ...
2020-12-02 16:22:58,150 : INFO : Spectrum Type Info : VIS Dark 
2020-12-02 16:22:58,150 : INFO : Reading Data spectra ...
2020-12-02 16:22:58,151 : INFO : Reading CRC32 ...
2020-12-02 16:22:58,156 : INFO : Spectrum Type Info : VIS Dark 
2020-12-02 16:22:58,157 : INFO : Reading Data spectra ...
2020-12-02 16:22:58,157 : INFO : Reading CRC32 ...
2020-12-02 16:22:58,164 : INFO : Spectrum Type Info : VIS Dark 
2020-12-02 16:22:58,164 : INFO : Reading Data spectra ...
2020-12-02 16:22:58,164 : INFO : Reading CRC32 ...
2020-12-02 16:22:58,170 : INFO : Spectrum Type Info : VIS Dark 
2020-12-02 16:22:58,170 : INFO : Reading Data spectra ...
2020-12-02 16:22:58,171 : INFO : Reading CRC32 ...
2020-12-02 16:22:58,177 : INFO : Spectrum Type Info : VIS Dark 
2020-12-02 16:22:58,177 : INFO : Reading Data spectra ...
2020-12-02 16:22:58,178 : INFO : Reading CRC32 ...
2020-12-02 16:22:58,184 : INFO : Spectrum Type Info : VIS Dark 
2020-12-02 16:22:58,184 : INFO : Reading Data spectra ...
2020-12-02 16:22:58,185 : INFO : Reading CRC32 ...
2020-12-02 16:22:58,190 : INFO : Spectrum Type Info : VIS Dark 
2020-12-02 16:22:58,191 : INFO : Reading Data spectra ...
2020-12-02 16:22:58,191 : INFO : Reading CRC32 ...
2020-12-02 16:22:58,198 : INFO : Spectrum Type Info : VIS Dark 
2020-12-02 16:22:58,198 : INFO : Reading Data spectra ...
2020-12-02 16:22:58,199 : INFO : Reading CRC32 ...
2020-12-02 16:22:58,236 : ERROR : No pictures for this sequence
2020-12-02 16:22:58,236 : DEBUG : Done
2020-12-02 16:22:58,236 : DEBUG : Processing to L1a...
2020-12-02 16:23:18,575 : DEBUG : Done
2020-12-02 16:23:18,575 : DEBUG : Processing to L1b...
2020-12-02 16:23:18,614 : DEBUG : WaterNetworkProtocol
2020-12-02 16:23:18,624 : DEBUG : 1605625416
2020-12-02 16:23:18,625 : DEBUG : 1605625416
2020-12-02 16:23:18,626 : DEBUG : 1605625416
2020-12-02 16:23:18,627 : DEBUG : 1605625416
2020-12-02 16:23:18,628 : DEBUG : 1605625416
2020-12-02 16:23:18,629 : DEBUG : 1605625416
2020-12-02 16:23:19,047 : INFO : interpolate sky radiance
2020-12-02 16:23:35,267 : INFO : interpolate irradiances
2020-12-02 16:23:56,519 : DEBUG : Done
2020-12-02 16:23:56,519 : DEBUG : Processing to L1c...
2020-12-02 16:23:56,661 : INFO : Default wind speed 2.0
2020-12-02 16:23:56,712 : INFO : Default wind speed 2.0
2020-12-02 16:23:56,752 : INFO : Default wind speed 2.0
2020-12-02 16:23:56,800 : INFO : Default wind speed 2.0
2020-12-02 16:23:56,844 : INFO : Default wind speed 2.0
2020-12-02 16:23:56,887 : INFO : Default wind speed 2.0
2020-12-02 16:23:56,889 : INFO : Apply Ruddick et al., 2006
2020-12-02 16:23:56,890 : INFO : Apply Ruddick et al., 2006
2020-12-02 16:23:56,891 : INFO : Apply Ruddick et al., 2006
2020-12-02 16:23:56,892 : INFO : Apply Ruddick et al., 2006
2020-12-02 16:23:56,893 : INFO : Apply Ruddick et al., 2006
2020-12-02 16:23:56,894 : INFO : Apply Ruddick et al., 2006
2020-12-02 16:23:59,206 : DEBUG : Done
2020-12-02 16:23:59,206 : DEBUG : Processing to L1d...
2020-12-02 16:24:55,425 : DEBUG : Done
2020-12-02 16:24:55,425 : DEBUG : Processing to L2a...
2020-12-02 16:25:05,839 : DEBUG : Done
2020-12-02 16:25:05,839 : INFO : All Done
